Component: ARM Compiler 5.06 update 7 (build 960) Tool: armlink [4d3601]

==============================================================================

Section Cross References

    startup_stm32f446xx.o(STACK) refers (Special) to heapauxi.o(.text) for __use_two_region_memory
    startup_stm32f446xx.o(HEAP) refers (Special) to heapauxi.o(.text) for __use_two_region_memory
    startup_stm32f446xx.o(RESET) refers (Special) to heapauxi.o(.text) for __use_two_region_memory
    startup_stm32f446xx.o(RESET) refers to startup_stm32f446xx.o(STACK) for __initial_sp
    startup_stm32f446xx.o(RESET) refers to startup_stm32f446xx.o(.text) for Reset_Handler
    startup_stm32f446xx.o(RESET) refers to stm32f4xx_it.o(i.NMI_Handler) for NMI_Handler
    startup_stm32f446xx.o(RESET) refers to stm32f4xx_it.o(i.HardFault_Handler) for HardFault_Handler
    startup_stm32f446xx.o(RESET) refers to stm32f4xx_it.o(i.MemManage_Handler) for MemManage_Handler
    startup_stm32f446xx.o(RESET) refers to stm32f4xx_it.o(i.BusFault_Handler) for BusFault_Handler
    startup_stm32f446xx.o(RESET) refers to stm32f4xx_it.o(i.UsageFault_Handler) for UsageFault_Handler
    startup_stm32f446xx.o(RESET) refers to port.o(.emb_text) for SVC_Handler
    startup_stm32f446xx.o(RESET) refers to stm32f4xx_it.o(i.DebugMon_Handler) for DebugMon_Handler
    startup_stm32f446xx.o(RESET) refers to stm32f4xx_it.o(i.SysTick_Handler) for SysTick_Handler
    startup_stm32f446xx.o(RESET) refers to stm32f4xx_it.o(i.EXTI0_IRQHandler) for EXTI0_IRQHandler
    startup_stm32f446xx.o(RESET) refers to stm32f4xx_it.o(i.DMA1_Stream3_IRQHandler) for DMA1_Stream3_IRQHandler
    startup_stm32f446xx.o(RESET) refers to stm32f4xx_it.o(i.I2C1_EV_IRQHandler) for I2C1_EV_IRQHandler
    startup_stm32f446xx.o(RESET) refers to stm32f4xx_it.o(i.I2C1_ER_IRQHandler) for I2C1_ER_IRQHandler
    startup_stm32f446xx.o(RESET) refers to stm32f4xx_it.o(i.USART3_IRQHandler) for USART3_IRQHandler
    startup_stm32f446xx.o(RESET) refers to stm32f4xx_it.o(i.TIM6_DAC_IRQHandler) for TIM6_DAC_IRQHandler
    startup_stm32f446xx.o(RESET) refers to stm32f4xx_it.o(i.USART6_IRQHandler) for USART6_IRQHandler
    startup_stm32f446xx.o(.text) refers (Special) to heapauxi.o(.text) for __use_two_region_memory
    startup_stm32f446xx.o(.text) refers to system_stm32f4xx.o(i.SystemInit) for SystemInit
    startup_stm32f446xx.o(.text) refers to __main.o(!!!main) for __main
    startup_stm32f446xx.o(.text) refers to startup_stm32f446xx.o(HEAP) for Heap_Mem
    startup_stm32f446xx.o(.text) refers to startup_stm32f446xx.o(STACK) for Stack_Mem
    nvic_callback.o(i.HAL_GPIO_EXTI_Callback) refers to mpu6500_driver.o(.data) for MPU_EXTI_flag
    nvic_callback.o(i.HAL_I2C_ErrorCallback) refers to i2c.o(.data) for i2c_error
    nvic_callback.o(i.HAL_I2C_MemRxCpltCallback) refers to i2c.o(.data) for i2c_rx_complete
    nvic_callback.o(i.HAL_I2C_MemTxCpltCallback) refers to i2c.o(.data) for i2c_tx_complete
    nvic_callback.o(i.HAL_TIM_PeriodElapsedCallback) refers to dwt.o(i.get_DWT_CYCCNT) for get_DWT_CYCCNT
    nvic_callback.o(i.HAL_TIM_PeriodElapsedCallback) refers to nvic_callback.o(.data) for tim_ms
    nvic_callback.o(i.HAL_TIM_PeriodElapsedCallback) refers to tim.o(.bss) for htim5
    nvic_callback.o(i.HAL_TIM_PeriodElapsedCallback) refers to dwt.o(.data) for last_DWT_CYCCNT
    nvic_callback.o(i.HAL_UART_RxCpltCallback) refers to rplidar.o(i.Rplidar_Uart_Receive_Handler) for Rplidar_Uart_Receive_Handler
    nvic_callback.o(i.HAL_UART_RxCpltCallback) refers to stm32f4xx_hal_uart.o(i.HAL_UART_Receive_IT) for HAL_UART_Receive_IT
    nvic_callback.o(i.HAL_UART_RxCpltCallback) refers to bluetooth.o(i.Bluetooth_Uart_Receive_Handler) for Bluetooth_Uart_Receive_Handler
    nvic_callback.o(i.HAL_UART_RxCpltCallback) refers to usart.o(.bss) for huart6
    nvic_callback.o(i.HAL_UART_RxCpltCallback) refers to nvic_callback.o(.data) for rx_rplidar_data
    nvic_callback.o(i.HAL_UART_TxCpltCallback) refers to usart.o(.bss) for huart3
    nvic_callback.o(i.HAL_UART_TxCpltCallback) refers to nvic_callback.o(.data) for bluetooth_send_enable
    fsm.o(i.Car_FSM_Change) refers to motor.o(i.motor_speed_pid_cal) for motor_speed_pid_cal
    fsm.o(i.Car_FSM_Change) refers to motor.o(i.motor_output) for motor_output
    fsm.o(i.Car_FSM_Change) refers to dwt.o(i.DWT_Get_ms) for DWT_Get_ms
    fsm.o(i.Car_FSM_Change) refers to motor.o(.bss) for l_motor
    fsm.o(i.Car_FSM_Change) refers to fsm.o(.bss) for car_state
    fsm.o(i.Car_FSM_Change) refers to mpu6500_driver.o(.bss) for mpu6500_data
    fsm.o(i.Car_FSM_Cmd_Set) refers to fsm.o(i.Car_FSM_Set_TURN) for Car_FSM_Set_TURN
    fsm.o(i.Car_FSM_Cmd_Set) refers to fsm.o(i.Car_FSM_Set_STRAIGHT) for Car_FSM_Set_STRAIGHT
    fsm.o(i.Car_FSM_Cmd_Set) refers to fsm.o(i.Car_FSM_Change) for Car_FSM_Change
    fsm.o(i.Car_FSM_Cmd_Set) refers to fsm.o(.bss) for car_state
    fsm.o(i.Car_FSM_Execute) refers to motor.o(i.motor_speed_pid_cal) for motor_speed_pid_cal
[...]
    mpu_init                                 0x0800ab71   Thumb Code   278  inv_mpu.o(i.mpu_init)
    mpu_load_firmware                        0x0800ac8d   Thumb Code   180  inv_mpu.o(i.mpu_load_firmware)
    mpu_lp_accel_mode                        0x0800ad45   Thumb Code   280  inv_mpu.o(i.mpu_lp_accel_mode)
    mpu_read_fifo_stream                     0x0800ae61   Thumb Code   186  inv_mpu.o(i.mpu_read_fifo_stream)
    mpu_read_mem                             0x0800af21   Thumb Code   122  inv_mpu.o(i.mpu_read_mem)
    mpu_reset_fifo                           0x0800afa1   Thumb Code   450  inv_mpu.o(i.mpu_reset_fifo)
    mpu_run_self_test                        0x0800b169   Thumb Code   168  inv_mpu.o(i.mpu_run_self_test)
    mpu_set_accel_fsr                        0x0800b215   Thumb Code   126  inv_mpu.o(i.mpu_set_accel_fsr)
    mpu_set_bypass                           0x0800b299   Thumb Code   328  inv_mpu.o(i.mpu_set_bypass)
    mpu_set_dmp_state                        0x0800b3e5   Thumb Code   138  inv_mpu.o(i.mpu_set_dmp_state)
    mpu_set_gyro_fsr                         0x0800b475   Thumb Code   132  inv_mpu.o(i.mpu_set_gyro_fsr)
    mpu_set_int_latched                      0x0800b4fd   Thumb Code   102  inv_mpu.o(i.mpu_set_int_latched)
    mpu_set_lpf                              0x0800b569   Thumb Code   126  inv_mpu.o(i.mpu_set_lpf)
    mpu_set_sample_rate                      0x0800b5ed   Thumb Code   152  inv_mpu.o(i.mpu_set_sample_rate)
    mpu_set_sensors                          0x0800b689   Thumb Code   202  inv_mpu.o(i.mpu_set_sensors)
    mpu_write_mem                            0x0800b759   Thumb Code   122  inv_mpu.o(i.mpu_write_mem)
    osDelay                                  0x0800b7d9   Thumb Code    30  cmsis_os2.o(i.osDelay)
    osKernelInitialize                       0x0800b7f9   Thumb Code    38  cmsis_os2.o(i.osKernelInitialize)
    osKernelStart                            0x0800b825   Thumb Code    82  cmsis_os2.o(i.osKernelStart)
    osThreadNew                              0x0800b885   Thumb Code   184  cmsis_os2.o(i.osThreadNew)
    pvPortMalloc                             0x0800c361   Thumb Code   306  heap_4.o(i.pvPortMalloc)
    pxPortInitialiseStack                    0x0800c4ad   Thumb Code    38  port.o(i.pxPortInitialiseStack)
    set_motor_speed                          0x0800c569   Thumb Code   148  motor.o(i.set_motor_speed)
    sqrt                                     0x0800c649   Thumb Code   110  sqrt.o(i.sqrt)
    uxListRemove                             0x0800c6b7   Thumb Code    40  list.o(i.uxListRemove)
    vApplicationGetIdleTaskMemory            0x0800c6e1   Thumb Code    14  cmsis_os2.o(i.vApplicationGetIdleTaskMemory)
    vApplicationGetTimerTaskMemory           0x0800c6f9   Thumb Code    16  cmsis_os2.o(i.vApplicationGetTimerTaskMemory)
    vListInitialise                          0x0800c711   Thumb Code    26  list.o(i.vListInitialise)
    vListInitialiseItem                      0x0800c72b   Thumb Code     6  list.o(i.vListInitialiseItem)
    vListInsert                              0x0800c731   Thumb Code    52  list.o(i.vListInsert)
    vListInsertEnd                           0x0800c765   Thumb Code    24  list.o(i.vListInsertEnd)
    vPortEnterCritical                       0x0800c77d   Thumb Code    76  port.o(i.vPortEnterCritical)
    vPortExitCritical                        0x0800c7d1   Thumb Code    56  port.o(i.vPortExitCritical)
    vPortFree                                0x0800c80d   Thumb Code   150  heap_4.o(i.vPortFree)
    vPortSetupTimerInterrupt                 0x0800c8b1   Thumb Code    36  port.o(i.vPortSetupTimerInterrupt)
    vPortValidateInterruptPriority           0x0800c8d9   Thumb Code   106  port.o(i.vPortValidateInterruptPriority)
    vQueueAddToRegistry                      0x0800c951   Thumb Code    38  queue.o(i.vQueueAddToRegistry)
    vQueueWaitForMessageRestricted           0x0800c97d   Thumb Code    74  queue.o(i.vQueueWaitForMessageRestricted)
    vTaskDelay                               0x0800c9c9   Thumb Code    82  tasks.o(i.vTaskDelay)
    vTaskInternalSetTimeOutState             0x0800ca25   Thumb Code    14  tasks.o(i.vTaskInternalSetTimeOutState)
    vTaskMissedYield                         0x0800ca3d   Thumb Code     8  tasks.o(i.vTaskMissedYield)
    vTaskPlaceOnEventList                    0x0800ca49   Thumb Code    52  tasks.o(i.vTaskPlaceOnEventList)
    vTaskPlaceOnEventListRestricted          0x0800ca81   Thumb Code    60  tasks.o(i.vTaskPlaceOnEventListRestricted)
    vTaskStartScheduler                      0x0800cac1   Thumb Code   156  tasks.o(i.vTaskStartScheduler)
    vTaskSuspendAll                          0x0800cb79   Thumb Code    12  tasks.o(i.vTaskSuspendAll)
    vTaskSwitchContext                       0x0800cb89   Thumb Code   122  tasks.o(i.vTaskSwitchContext)
    xPortStartScheduler                      0x0800cc19   Thumb Code   330  port.o(i.xPortStartScheduler)
    xPortSysTickHandler                      0x0800cd81   Thumb Code    46  port.o(i.xPortSysTickHandler)
    xQueueGenericCreateStatic                0x0800cdb5   Thumb Code   224  queue.o(i.xQueueGenericCreateStatic)
    xQueueGenericReset                       0x0800ce95   Thumb Code   146  queue.o(i.xQueueGenericReset)
    xQueueGenericSend                        0x0800cf2d   Thumb Code   420  queue.o(i.xQueueGenericSend)
    xQueueGenericSendFromISR                 0x0800d0d5   Thumb Code   252  queue.o(i.xQueueGenericSendFromISR)
    xQueueReceive                            0x0800d1d1   Thumb Code   356  queue.o(i.xQueueReceive)
    xTaskCheckForTimeOut                     0x0800d339   Thumb Code   132  tasks.o(i.xTaskCheckForTimeOut)
    xTaskCreate                              0x0800d3c5   Thumb Code   100  tasks.o(i.xTaskCreate)
    xTaskCreateStatic                        0x0800d429   Thumb Code   186  tasks.o(i.xTaskCreateStatic)
    xTaskGetSchedulerState                   0x0800d4e5   Thumb Code    24  tasks.o(i.xTaskGetSchedulerState)
    xTaskGetTickCount                        0x0800d505   Thumb Code     6  tasks.o(i.xTaskGetTickCount)
    xTaskIncrementTick                       0x0800d511   Thumb Code   280  tasks.o(i.xTaskIncrementTick)
    xTaskPriorityDisinherit                  0x0800d655   Thumb Code   152  tasks.o(i.xTaskPriorityDisinherit)
    xTaskRemoveFromEventList                 0x0800d6f9   Thumb Code   126  tasks.o(i.xTaskRemoveFromEventList)
    xTaskResumeAll                           0x0800d791   Thumb Code   222  tasks.o(i.xTaskResumeAll)
    xTimerCreateTimerTask                    0x0800d895   Thumb Code   100  timers.o(i.xTimerCreateTimerTask)
    xTimerGenericCommand                     0x0800d90d   Thumb Code   128  timers.o(i.xTimerGenericCommand)
    __aeabi_dneg                             0x0800d991   Thumb Code     0  basic.o(x$fpl$basic)
    _dneg                                    0x0800d991   Thumb Code     6  basic.o(x$fpl$basic)
    __aeabi_fneg                             0x0800d997   Thumb Code     0  basic.o(x$fpl$basic)
    _fneg                                    0x0800d997   Thumb Code     6  basic.o(x$fpl$basic)
    _dabs                                    0x0800d99d   Thumb Code     6  basic.o(x$fpl$basic)
    _fabs                                    0x0800d9a3   Thumb Code     6  basic.o(x$fpl$basic)
    __aeabi_d2f                              0x0800d9a9   Thumb Code     0  d2f.o(x$fpl$d2f)
    _d2f                                     0x0800d9a9   Thumb Code    98  d2f.o(x$fpl$d2f)
    __aeabi_dadd                             0x0800da0d   Thumb Code     0  daddsub_clz.o(x$fpl$dadd)
    _dadd                                    0x0800da0d   Thumb Code   332  daddsub_clz.o(x$fpl$dadd)
    __fpl_dcmp_Inf                           0x0800db5d   Thumb Code    24  dcmpi.o(x$fpl$dcmpinf)
    __aeabi_ddiv                             0x0800db75   Thumb Code     0  ddiv.o(x$fpl$ddiv)
    _ddiv                                    0x0800db75   Thumb Code   552  ddiv.o(x$fpl$ddiv)
    __aeabi_cdcmpeq                          0x0800de25   Thumb Code     0  deqf.o(x$fpl$deqf)
    _dcmpeq                                  0x0800de25   Thumb Code   120  deqf.o(x$fpl$deqf)
    __aeabi_ui2d                             0x0800de9d   Thumb Code     0  dflt_clz.o(x$fpl$dfltu)
    _dfltu                                   0x0800de9d   Thumb Code    38  dflt_clz.o(x$fpl$dfltu)
    __aeabi_ul2d                             0x0800dec5   Thumb Code     0  dfltll_clz.o(x$fpl$dfltull)
    _ll_uto_d                                0x0800dec5   Thumb Code   138  dfltll_clz.o(x$fpl$dfltull)
    __aeabi_cdcmple                          0x0800df51   Thumb Code     0  dleqf.o(x$fpl$dleqf)
    _dcmple                                  0x0800df51   Thumb Code   120  dleqf.o(x$fpl$dleqf)
    __fpl_dcmple_InfNaN                      0x0800dfb3   Thumb Code     0  dleqf.o(x$fpl$dleqf)
    __aeabi_dmul                             0x0800dfc9   Thumb Code     0  dmul.o(x$fpl$dmul)
    _dmul                                    0x0800dfc9   Thumb Code   332  dmul.o(x$fpl$dmul)
    __fpl_dnaninf                            0x0800e11d   Thumb Code   156  dnaninf.o(x$fpl$dnaninf)
    __fpl_dretinf                            0x0800e1b9   Thumb Code    12  dretinf.o(x$fpl$dretinf)
    __aeabi_cdrcmple                         0x0800e1c5   Thumb Code     0  drleqf.o(x$fpl$drleqf)
    _drcmple                                 0x0800e1c5   Thumb Code   108  drleqf.o(x$fpl$drleqf)
    __aeabi_drsub                            0x0800e231   Thumb Code     0  daddsub_clz.o(x$fpl$drsb)
    _drsb                                    0x0800e231   Thumb Code    22  daddsub_clz.o(x$fpl$drsb)
    _dsqrt                                   0x0800e249   Thumb Code   404  dsqrt_umaal.o(x$fpl$dsqrt)
    __aeabi_dsub                             0x0800e3e1   Thumb Code     0  daddsub_clz.o(x$fpl$dsub)
    _dsub                                    0x0800e3e1   Thumb Code   464  daddsub_clz.o(x$fpl$dsub)
    __aeabi_f2d                              0x0800e5b5   Thumb Code     0  f2d.o(x$fpl$f2d)
    _f2d                                     0x0800e5b5   Thumb Code    86  f2d.o(x$fpl$f2d)
    __fpl_fnaninf                            0x0800e60b   Thumb Code   140  fnaninf.o(x$fpl$fnaninf)
    _fp_init                                 0x0800e697   Thumb Code    10  fpinit.o(x$fpl$fpinit)
    __fplib_config_fpu_vfp                   0x0800e69f   Thumb Code     0  fpinit.o(x$fpl$fpinit)
    __fplib_config_pureend_doubles           0x0800e69f   Thumb Code     0  fpinit.o(x$fpl$fpinit)
    __fpl_fretinf                            0x0800e6a1   Thumb Code    10  fretinf.o(x$fpl$fretinf)
    __I$use$fp                               0x0800e6aa   Number         0  usenofp.o(x$fpl$usenofp)
    defaultTask_attributes                   0x0800e6ac   Data          36  freertos.o(.constdata)
    MPU_Task_attributes                      0x0800e6d0   Data          36  freertos.o(.constdata)
    FSM_MOTOR_Task_attributes                0x0800e6f4   Data          36  freertos.o(.constdata)
    BLUETOOTH_Task_attributes                0x0800e718   Data          36  freertos.o(.constdata)
    RPLIDAR_Task_attributes                  0x0800e73c   Data          36  freertos.o(.constdata)
    AHBPrescTable                            0x0800e768   Data          16  system_stm32f4xx.o(.constdata)
    APBPrescTable                            0x0800e778   Data           8  system_stm32f4xx.o(.constdata)
    reg                                      0x0800e780   Data          30  inv_mpu.o(.constdata)
    hw                                       0x0800e79e   Data          12  inv_mpu.o(.constdata)
    test                                     0x0800e7ac   Data          40  inv_mpu.o(.constdata)
    __mathlib_zero                           0x0800f4b8   Data           8  qnan.o(.constdata)
    Region$$Table$$Base                      0x0800f528   Number         0  anon$$obj.o(Region$$Table)
    Region$$Table$$Limit                     0x0800f548   Number         0  anon$$obj.o(Region$$Table)
    rx_rplidar_data                          0x20000000   Data           1  nvic_callback.o(.data)
    rx_bluetooth_data                        0x20000001   Data           1  nvic_callback.o(.data)
    bluetooth_send_enable                    0x20000002   Data           1  nvic_callback.o(.data)
    tim_ms                                   0x20000003   Data           1  nvic_callback.o(.data)
    encoder1_last_count                      0x20000004   Data           4  nvic_callback.o(.data)
    encoder1_count                           0x20000008   Data           4  nvic_callback.o(.data)
    encoder2_count                           0x2000000c   Data           4  nvic_callback.o(.data)
    encoder2_last_count                      0x20000010   Data           2  nvic_callback.o(.data)
    defaultTaskHandle                        0x20000018   Data           4  freertos.o(.data)
    MPU_TaskHandle                           0x2000001c   Data           4  freertos.o(.data)
    FSM_MOTOR_TaskHandle                     0x20000020   Data           4  freertos.o(.data)
    BLUETOOTH_TaskHandle                     0x20000024   Data           4  freertos.o(.data)
    RPLIDAR_TaskHandle                       0x20000028   Data           4  freertos.o(.data)
    MPU_init_result                          0x2000002c   Data           1  freertos.o(.data)
    MPU_result                               0x2000002d   Data           1  freertos.o(.data)
    l_speed                                  0x20000030   Data           4  freertos.o(.data)
    r_speed                                  0x20000034   Data           4  freertos.o(.data)
    l_location                               0x20000038   Data           4  freertos.o(.data)
    r_location                               0x2000003c   Data           4  freertos.o(.data)
    target_angle                             0x20000040   Data           4  freertos.o(.data)
    target_location                          0x20000044   Data           4  freertos.o(.data)
    bluetooth_state                          0x20000048   Data           1  freertos.o(.data)
    Bluetooth_Start                          0x20000050   Data           8  freertos.o(.data)
    bluetooth_send_error                     0x20000058   Data           2  freertos.o(.data)
    bluetooth_send_count                     0x2000005a   Data           2  freertos.o(.data)
    i2c_tx_complete                          0x2000005c   Data           1  i2c.o(.data)
    i2c_rx_complete                          0x2000005d   Data           1  i2c.o(.data)
    i2c_error                                0x2000005e   Data           1  i2c.o(.data)
    uwTick                                   0x20000060   Data           4  stm32f4xx_hal.o(.data)
    uwTickPrio                               0x20000064   Data           4  stm32f4xx_hal.o(.data)
    uwTickFreq                               0x20000068   Data           1  stm32f4xx_hal.o(.data)
    SystemCoreClock                          0x2000006c   Data           4  system_stm32f4xx.o(.data)
    MPU_EXTI_flag                            0x2000009c   Data           1  mpu6500_driver.o(.data)
    Complete_Receive_Frame                   0x200000a6   Data           1  rplidar.o(.data)
    last_angle_data                          0x200000a8   Data           2  rplidar.o(.data)
    first_angle_data                         0x200000aa   Data           2  rplidar.o(.data)
    state                                    0x200000ac   Data           1  rplidar.o(.data)
    Complete_Bluetooth_Receive_Frame         0x200000ad   Data           1  bluetooth.o(.data)
    angle_Kp                                 0x200000b0   Data           4  motor.o(.data)
    angle_Ki                                 0x200000b4   Data           4  motor.o(.data)
    angle_Kd                                 0x200000b8   Data           4  motor.o(.data)
    angle_dead_zone                          0x200000bc   Data           4  motor.o(.data)
    angle_output_max                         0x200000c0   Data           4  motor.o(.data)
    angle_sum_max                            0x200000c4   Data           4  motor.o(.data)
    angle_order                              0x200000c8   Data           4  motor.o(.data)
    angle_fs                                 0x200000cc   Data           4  motor.o(.data)
    angle_fc                                 0x200000d0   Data           4  motor.o(.data)
    speed_diff_Kp                            0x200000d4   Data           4  motor.o(.data)
    speed_diff_Ki                            0x200000d8   Data           4  motor.o(.data)
    speed_diff_Kd                            0x200000dc   Data           4  motor.o(.data)
    speed_diff_dead_zone                     0x200000e0   Data           4  motor.o(.data)
    speed_diff_output_max                    0x200000e4   Data           4  motor.o(.data)
    speed_diff_sum_max                       0x200000e8   Data           4  motor.o(.data)
    speed_diff_order                         0x200000ec   Data           4  motor.o(.data)
    speed_diff_fs                            0x200000f0   Data           4  motor.o(.data)
    speed_diff_fc                            0x200000f4   Data           4  motor.o(.data)
    l_location_Kp                            0x200000f8   Data           4  motor.o(.data)
    l_location_Ki                            0x200000fc   Data           4  motor.o(.data)
    l_location_Kd                            0x20000100   Data           4  motor.o(.data)
    l_location_dead_zone                     0x20000104   Data           4  motor.o(.data)
    l_location_output_max                    0x20000108   Data           4  motor.o(.data)
    l_location_sum_max                       0x2000010c   Data           4  motor.o(.data)
    l_location_order                         0x20000110   Data           4  motor.o(.data)
    l_location_fs                            0x20000114   Data           4  motor.o(.data)
    l_location_fc                            0x20000118   Data           4  motor.o(.data)
    l_speed_Kp                               0x2000011c   Data           4  motor.o(.data)
    l_speed_Ki                               0x20000120   Data           4  motor.o(.data)
    l_speed_Kd                               0x20000124   Data           4  motor.o(.data)
    l_speed_dead_zone                        0x20000128   Data           4  motor.o(.data)
    l_speed_output_max                       0x2000012c   Data           4  motor.o(.data)
    l_speed_sum_max                          0x20000130   Data           4  motor.o(.data)
    l_speed_order                            0x20000134   Data           4  motor.o(.data)
    l_speed_fs                               0x20000138   Data           4  motor.o(.data)
    l_speed_fc                               0x2000013c   Data           4  motor.o(.data)
    r_location_Kp                            0x20000140   Data           4  motor.o(.data)
    r_location_Ki                            0x20000144   Data           4  motor.o(.data)
    r_location_Kd                            0x20000148   Data           4  motor.o(.data)
    r_location_dead_zone                     0x2000014c   Data           4  motor.o(.data)
    r_location_output_max                    0x20000150   Data           4  motor.o(.data)
    r_location_sum_max                       0x20000154   Data           4  motor.o(.data)
    r_location_order                         0x20000158   Data           4  motor.o(.data)
    r_location_fs                            0x2000015c   Data           4  motor.o(.data)
    r_location_fc                            0x20000160   Data           4  motor.o(.data)
    r_speed_Kp                               0x20000164   Data           4  motor.o(.data)
    r_speed_Ki                               0x20000168   Data           4  motor.o(.data)
    r_speed_Kd                               0x2000016c   Data           4  motor.o(.data)
    r_speed_dead_zone                        0x20000170   Data           4  motor.o(.data)
    r_speed_output_max                       0x20000174   Data           4  motor.o(.data)
    r_speed_sum_max                          0x20000178   Data           4  motor.o(.data)
    r_speed_order                            0x2000017c   Data           4  motor.o(.data)
    r_speed_fs                               0x20000180   Data           4  motor.o(.data)
    r_speed_fc                               0x20000184   Data           4  motor.o(.data)
    DWT_count                                0x20000188   Data           4  dwt.o(.data)
    last_DWT_CYCCNT                          0x2000018c   Data           4  dwt.o(.data)
    pxCurrentTCB                             0x20000190   Data           4  tasks.o(.data)
    car_state                                0x20000210   Data         120  fsm.o(.bss)
    Bluetooth_Data                           0x20000288   Data          12  freertos.o(.bss)
    Rplidar_Data                             0x20000294   Data          16  freertos.o(.bss)
    hadc1                                    0x200002a4   Data          72  adc.o(.bss)
    hi2c1                                    0x200002ec   Data          84  i2c.o(.bss)
    htim3                                    0x20000340   Data          72  tim.o(.bss)
    htim4                                    0x20000388   Data          72  tim.o(.bss)
    htim5                                    0x200003d0   Data          72  tim.o(.bss)
    htim6                                    0x20000418   Data          72  tim.o(.bss)
    huart3                                   0x20000460   Data          72  usart.o(.bss)
    huart6                                   0x200004a8   Data          72  usart.o(.bss)
    hdma_usart3_tx                           0x200004f0   Data          96  usart.o(.bss)
    mpu6500_data                             0x20000560   Data          24  mpu6500_driver.o(.bss)
    Rplidar_data                             0x20000578   Data          28  rplidar.o(.bss)
    Rplidar_Receive_buff                     0x20000594   Data         100  rplidar.o(.bss)
    current_rplidar_data                     0x200005f8   Data        3002  rplidar.o(.bss)
    last_rplidar_data                        0x200011b2   Data        3002  rplidar.o(.bss)
    Bluetooth_data                           0x20001d6c   Data          24  bluetooth.o(.bss)
    Bluetooth_Receive_buff                   0x20001d84   Data          20  bluetooth.o(.bss)
    Bluetooth_Send_Data                      0x20001d98   Data        3028  bluetooth.o(.bss)
    angle_pid                                0x20002970   Data         424  motor.o(.bss)
    speed_diff_pid                           0x20002b18   Data         424  motor.o(.bss)
    l_motor                                  0x20002cc0   Data          48  motor.o(.bss)
    l_location_pid                           0x20002cf0   Data         424  motor.o(.bss)
    l_speed_pid                              0x20002e98   Data         424  motor.o(.bss)
    r_motor                                  0x20003040   Data          48  motor.o(.bss)
    r_location_pid                           0x20003070   Data         424  motor.o(.bss)
    r_speed_pid                              0x20003218   Data         424  motor.o(.bss)
    xQueueRegistry                           0x200033c0   Data          64  queue.o(.bss)
    __libspace_start                         0x20007c94   Data          96  libspace.o(.bss)
    __temporary_stack_top$libspace           0x20007cf4   Data           0  libspace.o(.bss)



==============================================================================

Memory Map of the image

  Image Entry point : 0x080001c5

  Load Region LR_IROM1 (Base: 0x08000000, Size: 0x0000f758, Max: 0x00080000, ABSOLUTE, COMPRESSED[0x0000f59c])

    Execution Region ER_IROM1 (Exec base: 0x08000000, Load base: 0x08000000, Size: 0x0000f548, Max: 0x00080000, ABSOLUTE)

    Exec Addr    Load Addr    Size         Type   Attr      Idx    E Section Name        Object

    0x08000000   0x08000000   0x000001c4   Data   RO            3    RESET               startup_stm32f446xx.o
    0x080001c4   0x080001c4   0x00000008   Code   RO         7482  * !!!main             c_w.l(__main.o)
    0x080001cc   0x080001cc   0x00000034   Code   RO         7960    !!!scatter          c_w.l(__scatter.o)
    0x08000200   0x08000200   0x0000005a   Code   RO         7958    !!dczerorl2         c_w.l(__dczerorl2.o)
    0x0800025a   0x0800025a   0x00000002   PAD
    0x0800025c   0x0800025c   0x0000001c   Code   RO         7962    !!handler_zi        c_w.l(__scatter_zi.o)
    0x08000278   0x08000278   0x00000002   Code   RO         7869    .ARM.Collect$$libinit$$00000000  c_w.l(libinit.o)
    0x0800027a   0x0800027a   0x00000004   Code   RO         7627    .ARM.Collect$$libinit$$00000001  c_w.l(libinit2.o)
    0x0800027e   0x0800027e   0x00000000   Code   RO         7630    .ARM.Collect$$libinit$$00000004  c_w.l(libinit2.o)
    0x0800027e   0x0800027e   0x00000008   Code   RO         7631    .ARM.Collect$$libinit$$00000005  c_w.l(libinit2.o)
    0x08000286   0x08000286   0x00000000   Code   RO         7633    .ARM.Collect$$libinit$$0000000A  c_w.l(libinit2.o)
    0x08000286   0x08000286   0x00000000   Code   RO         7635    .ARM.Collect$$libinit$$0000000C  c_w.l(libinit2.o)
    0x08000286   0x08000286   0x00000000   Code   RO         7637    .ARM.Collect$$libinit$$0000000E  c_w.l(libinit2.o)
    0x08000286   0x08000286   0x00000000   Code   RO         7640    .ARM.Collect$$libinit$$00000011  c_w.l(libinit2.o)
    0x08000286   0x08000286   0x00000000   Code   RO         7642    .ARM.Collect$$libinit$$00000013  c_w.l(libinit2.o)
    0x08000286   0x08000286   0x00000000   Code   RO         7644    .ARM.Collect$$libinit$$00000015  c_w.l(libinit2.o)
    0x08000286   0x08000286   0x00000000   Code   RO         7646    .ARM.Collect$$libinit$$00000017  c_w.l(libinit2.o)
    0x08000286   0x08000286   0x00000000   Code   RO         7648    .ARM.Collect$$libinit$$00000019  c_w.l(libinit2.o)
    0x08000286   0x08000286   0x00000000   Code   RO         7650    .ARM.Collect$$libinit$$0000001B  c_w.l(libinit2.o)
    0x08000286   0x08000286   0x00000000   Code   RO         7652    .ARM.Collect$$libinit$$0000001D  c_w.l(libinit2.o)
    0x08000286   0x08000286   0x00000000   Code   RO         7654    .ARM.Collect$$libinit$$0000001F  c_w.l(libinit2.o)
    0x08000286   0x08000286   0x00000000   Code   RO         7656    .ARM.Collect$$libinit$$00000021  c_w.l(libinit2.o)
    0x08000286   0x08000286   0x00000000   Code   RO         7658    .ARM.Collect$$libinit$$00000023  c_w.l(libinit2.o)
    0x08000286   0x08000286   0x00000000   Code   RO         7660    .ARM.Collect$$libinit$$00000025  c_w.l(libinit2.o)
    0x08000286   0x08000286   0x00000000   Code   RO         7664    .ARM.Collect$$libinit$$0000002C  c_w.l(libinit2.o)
    0x08000286   0x08000286   0x00000000   Code   RO         7666    .ARM.Collect$$libinit$$0000002E  c_w.l(libinit2.o)
    0x08000286   0x08000286   0x00000000   Code   RO         7668    .ARM.Collect$$libinit$$00000030  c_w.l(libinit2.o)
    0x08000286   0x08000286   0x00000000   Code   RO         7670    .ARM.Collect$$libinit$$00000032  c_w.l(libinit2.o)
    0x08000286   0x08000286   0x00000002   Code   RO         7671    .ARM.Collect$$libinit$$00000033  c_w.l(libinit2.o)
    0x08000288   0x08000288   0x00000002   Code   RO         7955    .ARM.Collect$$libshutdown$$00000000  c_w.l(libshutdown.o)
    0x0800028a   0x0800028a   0x00000000   Code   RO         7871    .ARM.Collect$$libshutdown$$00000002  c_w.l(libshutdown2.o)
    0x0800028a   0x0800028a   0x00000000   Code   RO         7873    .ARM.Collect$$libshutdown$$00000004  c_w.l(libshutdown2.o)
    0x0800028a   0x0800028a   0x00000000   Code   RO         7875    .ARM.Collect$$libshutdown$$00000006  c_w.l(libshutdown2.o)
    0x0800028a   0x0800028a   0x00000000   Code   RO         7878    .ARM.Collect$$libshutdown$$00000009  c_w.l(libshutdown2.o)
    0x0800028a   0x0800028a   0x00000000   Code   RO         7881    .ARM.Collect$$libshutdown$$0000000C  c_w.l(libshutdown2.o)
    0x0800028a   0x0800028a   0x00000000   Code   RO         7883    .ARM.Collect$$libshutdown$$0000000E  c_w.l(libshutdown2.o)
    0x0800028a   0x0800028a   0x00000000   Code   RO         7886    .ARM.Collect$$libshutdown$$00000011  c_w.l(libshutdown2.o)
    0x0800028a   0x0800028a   0x00000002   Code   RO         7887    .ARM.Collect$$libshutdown$$00000012  c_w.l(libshutdown2.o)
    0x0800028c   0x0800028c   0x00000000   Code   RO         7582    .ARM.Collect$$rtentry$$00000000  c_w.l(__rtentry.o)
    0x0800028c   0x0800028c   0x00000000   Code   RO         7759    .ARM.Collect$$rtentry$$00000002  c_w.l(__rtentry2.o)
    0x0800028c   0x0800028c   0x00000006   Code   RO         7771    .ARM.Collect$$rtentry$$00000004  c_w.l(__rtentry4.o)
    0x08000292   0x08000292   0x00000000   Code   RO         7761    .ARM.Collect$$rtentry$$00000009  c_w.l(__rtentry2.o)
    0x08000292   0x08000292   0x00000004   Code   RO         7762    .ARM.Collect$$rtentry$$0000000A  c_w.l(__rtentry2.o)
    0x08000296   0x08000296   0x00000000   Code   RO         7764    .ARM.Collect$$rtentry$$0000000C  c_w.l(__rtentry2.o)
    0x08000296   0x08000296   0x00000008   Code   RO         7765    .ARM.Collect$$rtentry$$0000000D  c_w.l(__rtentry2.o)
    0x0800029e   0x0800029e   0x00000002   Code   RO         7892    .ARM.Collect$$rtexit$$00000000  c_w.l(rtexit.o)
    0x080002a0   0x080002a0   0x00000000   Code   RO         7923    .ARM.Collect$$rtexit$$00000002  c_w.l(rtexit2.o)
    0x080002a0   0x080002a0   0x00000004   Code   RO         7924    .ARM.Collect$$rtexit$$00000003  c_w.l(rtexit2.o)
    0x080002a4   0x080002a4   0x00000006   Code   RO         7925    .ARM.Collect$$rtexit$$00000004  c_w.l(rtexit2.o)
    0x080002aa   0x080002aa   0x00000002   PAD
    0x080002ac   0x080002ac   0x000000be   Code   RO         7270    .emb_text           port.o
    0x0800036a   0x0800036a   0x00000002   PAD
    0x0800036c   0x0800036c   0x00000000   Code   RO         7782    .emb_text           c_w.l(maybetermalloc1.o)
    0x0800036c   0x0800036c   0x00000040   Code   RO            4    .text               startup_stm32f446xx.o
    0x080003ac   0x080003ac   0x0000005e   Code   RO         7353    .text               c_w.l(h1_alloc.o)
    0x0800040a   0x0800040a   0x0000004e   Code   RO         7355    .text               c_w.l(h1_free.o)
    0x08000458   0x08000458   0x000000ee   Code   RO         7411    .text               c_w.l(lludivv7m.o)
    0x08000546   0x08000546   0x00000048   Code   RO         7413    .text               c_w.l(llsdiv.o)
    0x0800058e   0x0800058e   0x00000058   Code   RO         7466    .text               c_w.l(memcmp.o)
    0x080005e6   0x080005e6   0x0000008a   Code   RO         7468    .text               c_w.l(rt_memcpy_v6.o)
    0x08000670   0x08000670   0x00000064   Code   RO         7470    .text               c_w.l(rt_memcpy_w.o)
    0x080006d4   0x080006d4   0x00000010   Code   RO         7474    .text               c_w.l(aeabi_memset.o)
    0x080006e4   0x080006e4   0x00000044   Code   RO         7476    .text               c_w.l(rt_memclr.o)
    0x08000728   0x08000728   0x0000004e   Code   RO         7478    .text               c_w.l(rt_memclr_w.o)
    0x08000776   0x08000776   0x00000006   Code   RO         7480    .text               c_w.l(heapauxi.o)
    0x0800077c   0x0800077c   0x00000008   Code   RO         7590    .text               c_w.l(rt_heap_descriptor_intlibspace.o)
    0x08000784   0x08000784   0x00000004   Code   RO         7592    .text               c_w.l(hguard.o)
    0x08000788   0x08000788   0x0000008a   Code   RO         7594    .text               c_w.l(init_alloc.o)
    0x08000812   0x08000812   0x0000000e   Code   RO         7598    .text               c_w.l(h1_init.o)
    0x08000820   0x08000820   0x00000016   Code   RO         7612    .text               c_w.l(_rserrno.o)
    0x08000836   0x08000836   0x00000002   PAD
    0x08000838   0x08000838   0x00000008   Code   RO         7755    .text               c_w.l(libspace.o)
    0x08000840   0x08000840   0x00000008   Code   RO         7778    .text               c_w.l(rt_errno_addr_intlibspace.o)
    0x08000848   0x08000848   0x00000034   Code   RO         7784    .text               c_w.l(h1_extend.o)
    0x0800087c   0x0800087c   0x0000000e   Code   RO         7804    .text               c_w.l(defsig_rtmem_outer.o)
    0x0800088a   0x0800088a   0x00000002   Code   RO         7822    .text               c_w.l(use_no_semi.o)
    0x0800088c   0x0800088c   0x00000000   Code   RO         7824    .text               c_w.l(indicate_semi.o)
    0x0800088c   0x0800088c   0x0000004a   Code   RO         7825    .text               c_w.l(sys_stackheap_outer.o)
    0x080008d6   0x080008d6   0x00000012   Code   RO         7846    .text               c_w.l(exit.o)
    0x080008e8   0x080008e8   0x0000000a   Code   RO         7848    .text               c_w.l(defsig_exit.o)
    0x080008f2   0x080008f2   0x00000002   PAD
    0x080008f4   0x080008f4   0x00000050   Code   RO         7858    .text               c_w.l(defsig_rtmem_inner.o)
    0x08000944   0x08000944   0x0000000c   Code   RO         7890    .text               c_w.l(sys_exit.o)
    0x08000950   0x08000950   0x00000032   Code   RO         7910    .text               c_w.l(defsig_general.o)
    0x08000982   0x08000982   0x0000000e   Code   RO         7920    .text               c_w.l(sys_wrch.o)
    0x08000990   0x08000990   0x00000160   Code   RO          873    i.ADC_Init          stm32f4xx_hal_adc.o
    0x08000af0   0x08000af0   0x00000028   Code   RO         5121    i.BLUETOOTH_ReceiveData_Clear  bluetooth.o
    0x08000b18   0x08000b18   0x00000044   Code   RO         5122    i.BLUETOOTH_ReceiveData_Init  bluetooth.o
    0x08000b5c   0x08000b5c   0x00000024   Code   RO         5123    i.BLUETOOTH_Receive_Data_Decode2FSM  bluetooth.o
    0x08000b80   0x08000b80   0x0000003c   Code   RO         5124    i.BLUETOOTH_Receive_Handler  bluetooth.o
    0x08000bbc   0x08000bbc   0x00000088   Code   RO         5125    i.BLUETOOTH_Reset_Send_Data  bluetooth.o
    0x08000c44   0x08000c44   0x00000090   Code   RO         5126    i.BLUETOOTH_Send_Data_to_Computer  bluetooth.o
    0x08000cd4   0x08000cd4   0x000000f4   Code   RO          419    i.BLUETOOTH_Task_Start  freertos.o
    0x08000dc8   0x08000dc8   0x000000f4   Code   RO         5127    i.Bluetooth_Uart_Receive_Handler  bluetooth.o
    0x08000ebc   0x08000ebc   0x00000004   Code   RO          740    i.BusFault_Handler  stm32f4xx_it.o
    0x08000ec0   0x08000ec0   0x0000013c   Code   RO          262    i.Car_FSM_Change    fsm.o
    0x08000ffc   0x08000ffc   0x00000048   Code   RO          263    i.Car_FSM_Cmd_Set   fsm.o
    0x08001044   0x08001044   0x00000288   Code   RO          264    i.Car_FSM_Execute   fsm.o
    0x080012cc   0x080012cc   0x0000008c   Code   RO          265    i.Car_FSM_Init      fsm.o
    0x08001358   0x08001358   0x0000003c   Code   RO          266    i.Car_FSM_Set_STRAIGHT  fsm.o
    0x08001394   0x08001394   0x0000000c   Code   RO          267    i.Car_FSM_Set_TURN  fsm.o
    0x080013a0   0x080013a0   0x00000010   Code   RO          741    i.DMA1_Stream3_IRQHandler  stm32f4xx_it.o
    0x080013b0   0x080013b0   0x00000034   Code   RO         1746    i.DMA_CalcBaseAndBitshift  stm32f4xx_hal_dma.o
    0x080013e4   0x080013e4   0x000000aa   Code   RO         1747    i.DMA_CheckFifoParam  stm32f4xx_hal_dma.o
    0x0800148e   0x0800148e   0x0000002c   Code   RO         1748    i.DMA_SetConfig     stm32f4xx_hal_dma.o
    0x080014ba   0x080014ba   0x00000002   PAD
    0x080014bc   0x080014bc   0x00000054   Code   RO         5319    i.DWT_Get2pointer_ms  dwt.o
    0x08001510   0x08001510   0x00000050   Code   RO         5320    i.DWT_Get_32us      dwt.o
    0x08001560   0x08001560   0x00000070   Code   RO         5321    i.DWT_Get_ms        dwt.o
    0x080015d0   0x080015d0   0x00000070   Code   RO         5323    i.DWT_Get_us        dwt.o
    0x08001640   0x08001640   0x00000050   Code   RO         5324    i.DWT_Init          dwt.o
    0x08001690   0x08001690   0x00000002   Code   RO          742    i.DebugMon_Handler  stm32f4xx_it.o
    0x08001692   0x08001692   0x00000012   Code   RO         5289    i.Delay_ms          delay.o
    0x080016a4   0x080016a4   0x0000004e   Code   RO         5290    i.Delay_us          delay.o
    0x080016f2   0x080016f2   0x0000000a   Code   RO          743    i.EXTI0_IRQHandler  stm32f4xx_it.o
    0x080016fc   0x080016fc   0x00000006   Code   RO          330    i.Error_Handler     main.o
    0x08001702   0x08001702   0x00000002   PAD
    0x08001704   0x08001704   0x00000040   Code   RO          420    i.FSM_MOTOR_Task_Start  freertos.o
    0x08001744   0x08001744   0x00000064   Code   RO         5385    i.Filter_D_Auto_Init  pid.o
    0x080017a8   0x080017a8   0x0000006c   Code   RO         5386    i.Filter_D_Calculate  pid.o
    0x08001814   0x08001814   0x000001a4   Code   RO          875    i.HAL_ADC_ConfigChannel  stm32f4xx_hal_adc.o
    0x080019b8   0x080019b8   0x00000068   Code   RO          884    i.HAL_ADC_Init      stm32f4xx_hal_adc.o
    0x08001a20   0x08001a20   0x00000080   Code   RO          488    i.HAL_ADC_MspInit   adc.o
    0x08001aa0   0x08001aa0   0x000000ac   Code   RO         1749    i.HAL_DMA_Abort     stm32f4xx_hal_dma.o
    0x08001b4c   0x08001b4c   0x00000028   Code   RO         1750    i.HAL_DMA_Abort_IT  stm32f4xx_hal_dma.o
    0x08001b74   0x08001b74   0x00000008   Code   RO         1753    i.HAL_DMA_GetState  stm32f4xx_hal_dma.o
    0x08001b7c   0x08001b7c   0x00000240   Code   RO         1754    i.HAL_DMA_IRQHandler  stm32f4xx_hal_dma.o
    0x08001dbc   0x08001dbc   0x000000ec   Code   RO         1755    i.HAL_DMA_Init      stm32f4xx_hal_dma.o
    0x08001ea8   0x08001ea8   0x00000092   Code   RO         1759    i.HAL_DMA_Start_IT  stm32f4xx_hal_dma.o
    0x08001f3a   0x08001f3a   0x00000002   PAD
    0x08001f3c   0x08001f3c   0x00000010   Code   RO           13    i.HAL_GPIO_EXTI_Callback  nvic_callback.o
    0x08001f4c   0x08001f4c   0x0000001c   Code   RO         1641    i.HAL_GPIO_EXTI_IRQHandler  stm32f4xx_hal_gpio.o
    0x08001f68   0x08001f68   0x000001e4   Code   RO         1642    i.HAL_GPIO_Init     stm32f4xx_hal_gpio.o
    0x0800214c   0x0800214c   0x0000000c   Code   RO         2215    i.HAL_GetTick       stm32f4xx_hal.o
    0x08002158   0x08002158   0x00000002   Code   RO         2460    i.HAL_I2C_AbortCpltCallback  stm32f4xx_hal_i2c.o
    0x0800215a   0x0800215a   0x00000002   Code   RO         2461    i.HAL_I2C_AddrCallback  stm32f4xx_hal_i2c.o
    0x0800215c   0x0800215c   0x000000d4   Code   RO         2464    i.HAL_I2C_ER_IRQHandler  stm32f4xx_hal_i2c.o
    0x08002230   0x08002230   0x000001da   Code   RO         2465    i.HAL_I2C_EV_IRQHandler  stm32f4xx_hal_i2c.o
    0x0800240a   0x0800240a   0x00000002   PAD
    0x0800240c   0x0800240c   0x00000018   Code   RO           14    i.HAL_I2C_ErrorCallback  nvic_callback.o
    0x08002424   0x08002424   0x000001d0   Code   RO         2471    i.HAL_I2C_Init      stm32f4xx_hal_i2c.o
    0x080025f4   0x080025f4   0x00000002   Code   RO         2473    i.HAL_I2C_ListenCpltCallback  stm32f4xx_hal_i2c.o
    0x080025f6   0x080025f6   0x00000002   Code   RO         2474    i.HAL_I2C_MasterRxCpltCallback  stm32f4xx_hal_i2c.o
    0x080025f8   0x080025f8   0x00000002   Code   RO         2475    i.HAL_I2C_MasterTxCpltCallback  stm32f4xx_hal_i2c.o
    0x080025fa   0x080025fa   0x00000002   PAD
    0x080025fc   0x080025fc   0x00000018   Code   RO           15    i.HAL_I2C_MemRxCpltCallback  nvic_callback.o
    0x08002614   0x08002614   0x00000018   Code   RO           16    i.HAL_I2C_MemTxCpltCallback  nvic_callback.o
    0x0800262c   0x0800262c   0x00000308   Code   RO         2489    i.HAL_I2C_Mem_Read  stm32f4xx_hal_i2c.o
    0x08002934   0x08002934   0x00000164   Code   RO         2492    i.HAL_I2C_Mem_Write  stm32f4xx_hal_i2c.o
    0x08002a98   0x08002a98   0x000000a8   Code   RO          554    i.HAL_I2C_MspInit   i2c.o
    0x08002b40   0x08002b40   0x00000002   Code   RO         2497    i.HAL_I2C_SlaveRxCpltCallback  stm32f4xx_hal_i2c.o
    0x08002b42   0x08002b42   0x00000002   Code   RO         2498    i.HAL_I2C_SlaveTxCpltCallback  stm32f4xx_hal_i2c.o
    0x08002b44   0x08002b44   0x00000018   Code   RO         2221    i.HAL_IncTick       stm32f4xx_hal.o
    0x08002b5c   0x08002b5c   0x0000003c   Code   RO         2222    i.HAL_Init          stm32f4xx_hal.o
    0x08002b98   0x08002b98   0x0000004c   Code   RO         2223    i.HAL_InitTick      stm32f4xx_hal.o
    0x08002be4   0x08002be4   0x00000054   Code   RO          846    i.HAL_MspInit       stm32f4xx_hal_msp.o
    0x08002c38   0x08002c38   0x00000028   Code   RO         2052    i.HAL_NVIC_EnableIRQ  stm32f4xx_hal_cortex.o
    0x08002c60   0x08002c60   0x0000007c   Code   RO         2058    i.HAL_NVIC_SetPriority  stm32f4xx_hal_cortex.o
    0x08002cdc   0x08002cdc   0x00000028   Code   RO         2059    i.HAL_NVIC_SetPriorityGrouping  stm32f4xx_hal_cortex.o
    0x08002d04   0x08002d04   0x0000008c   Code   RO         1978    i.HAL_PWREx_EnableOverDrive  stm32f4xx_hal_pwr_ex.o
    0x08002d90   0x08002d90   0x00000184   Code   RO         1149    i.HAL_RCC_ClockConfig  stm32f4xx_hal_rcc.o
    0x08002f14   0x08002f14   0x0000000c   Code   RO         1154    i.HAL_RCC_GetHCLKFreq  stm32f4xx_hal_rcc.o
    0x08002f20   0x08002f20   0x00000020   Code   RO         1156    i.HAL_RCC_GetPCLK1Freq  stm32f4xx_hal_rcc.o
    0x08002f40   0x08002f40   0x00000020   Code   RO         1157    i.HAL_RCC_GetPCLK2Freq  stm32f4xx_hal_rcc.o
    0x08002f60   0x08002f60   0x00000118   Code   RO         1260    i.HAL_RCC_GetSysClockFreq  stm32f4xx_hal_rcc_ex.o
    0x08003078   0x08003078   0x000004e8   Code   RO         1261    i.HAL_RCC_OscConfig  stm32f4xx_hal_rcc_ex.o
    0x08003560   0x08003560   0x00000034   Code   RO         2063    i.HAL_SYSTICK_Config  stm32f4xx_hal_cortex.o
    0x08003594   0x08003594   0x00000002   Code   RO         3684    i.HAL_TIMEx_BreakCallback  stm32f4xx_hal_tim_ex.o
    0x08003596   0x08003596   0x00000002   Code   RO         3685    i.HAL_TIMEx_CommutCallback  stm32f4xx_hal_tim_ex.o
    0x08003598   0x08003598   0x000000b4   Code   RO         3703    i.HAL_TIMEx_MasterConfigSynchronization  stm32f4xx_hal_tim_ex.o
    0x0800364c   0x0800364c   0x00000066   Code   RO         2969    i.HAL_TIM_Base_Init  stm32f4xx_hal_tim.o
    0x080036b2   0x080036b2   0x00000002   PAD
    0x080036b4   0x080036b4   0x00000074   Code   RO          615    i.HAL_TIM_Base_MspInit  tim.o
    0x08003728   0x08003728   0x000000a8   Code   RO         2974    i.HAL_TIM_Base_Start_IT  stm32f4xx_hal_tim.o
    0x080037d0   0x080037d0   0x0000010c   Code   RO         2978    i.HAL_TIM_ConfigClockSource  stm32f4xx_hal_tim.o
    0x080038dc   0x080038dc   0x000000c8   Code   RO         2990    i.HAL_TIM_Encoder_Init  stm32f4xx_hal_tim.o
    0x080039a4   0x080039a4   0x000000f4   Code   RO          617    i.HAL_TIM_Encoder_MspInit  tim.o
    0x08003a98   0x08003a98   0x000000cc   Code   RO         2993    i.HAL_TIM_Encoder_Start  stm32f4xx_hal_tim.o
    0x08003b64   0x08003b64   0x00000002   Code   RO         3003    i.HAL_TIM_IC_CaptureCallback  stm32f4xx_hal_tim.o
    0x08003b66   0x08003b66   0x0000016c   Code   RO         3017    i.HAL_TIM_IRQHandler  stm32f4xx_hal_tim.o
    0x08003cd2   0x08003cd2   0x00000002   PAD
    0x08003cd4   0x08003cd4   0x0000009c   Code   RO          618    i.HAL_TIM_MspPostInit  tim.o
    0x08003d70   0x08003d70   0x00000002   Code   RO         3020    i.HAL_TIM_OC_DelayElapsedCallback  stm32f4xx_hal_tim.o
    0x08003d72   0x08003d72   0x00000104   Code   RO         3041    i.HAL_TIM_PWM_ConfigChannel  stm32f4xx_hal_tim.o
    0x08003e76   0x08003e76   0x00000066   Code   RO         3044    i.HAL_TIM_PWM_Init  stm32f4xx_hal_tim.o
    0x08003edc   0x08003edc   0x00000002   Code   RO         3046    i.HAL_TIM_PWM_MspInit  stm32f4xx_hal_tim.o
    0x08003ede   0x08003ede   0x00000002   Code   RO         3047    i.HAL_TIM_PWM_PulseFinishedCallback  stm32f4xx_hal_tim.o
    0x08003ee0   0x08003ee0   0x0000010c   Code   RO         3049    i.HAL_TIM_PWM_Start  stm32f4xx_hal_tim.o
    0x08003fec   0x08003fec   0x00000088   Code   RO           17    i.HAL_TIM_PeriodElapsedCallback  nvic_callback.o
    0x08004074   0x08004074   0x00000002   Code   RO         3060    i.HAL_TIM_TriggerCallback  stm32f4xx_hal_tim.o
    0x08004076   0x08004076   0x00000002   Code   RO         3963    i.HAL_UARTEx_RxEventCallback  stm32f4xx_hal_uart.o
    0x08004078   0x08004078   0x00000002   Code   RO         3977    i.HAL_UART_ErrorCallback  stm32f4xx_hal_uart.o
    0x0800407a   0x0800407a   0x00000002   PAD
    0x0800407c   0x0800407c   0x00000308   Code   RO         3980    i.HAL_UART_IRQHandler  stm32f4xx_hal_uart.o
    0x08004384   0x08004384   0x00000076   Code   RO         3981    i.HAL_UART_Init     stm32f4xx_hal_uart.o
    0x080043fa   0x080043fa   0x00000002   PAD
    0x080043fc   0x080043fc   0x00000164   Code   RO          693    i.HAL_UART_MspInit  usart.o
    0x08004560   0x08004560   0x0000002c   Code   RO         3986    i.HAL_UART_Receive_IT  stm32f4xx_hal_uart.o
    0x0800458c   0x0800458c   0x00000050   Code   RO           18    i.HAL_UART_RxCpltCallback  nvic_callback.o
    0x080045dc   0x080045dc   0x000000be   Code   RO         3989    i.HAL_UART_Transmit  stm32f4xx_hal_uart.o
    0x0800469a   0x0800469a   0x00000002   PAD
    0x0800469c   0x0800469c   0x0000009c   Code   RO         3990    i.HAL_UART_Transmit_DMA  stm32f4xx_hal_uart.o
    0x08004738   0x08004738   0x0000001c   Code   RO           19    i.HAL_UART_TxCpltCallback  nvic_callback.o
    0x08004754   0x08004754   0x00000002   Code   RO         3993    i.HAL_UART_TxHalfCpltCallback  stm32f4xx_hal_uart.o
    0x08004756   0x08004756   0x00000004   Code   RO          744    i.HardFault_Handler  stm32f4xx_it.o
    0x0800475a   0x0800475a   0x00000002   PAD
    0x0800475c   0x0800475c   0x00000010   Code   RO          745    i.I2C1_ER_IRQHandler  stm32f4xx_it.o
    0x0800476c   0x0800476c   0x00000010   Code   RO          746    i.I2C1_EV_IRQHandler  stm32f4xx_it.o
    0x0800477c   0x0800477c   0x0000001c   Code   RO         2509    i.I2C_ConvertOtherXferOptions  stm32f4xx_hal_i2c.o
    0x08004798   0x08004798   0x000000f8   Code   RO         2510    i.I2C_DMAAbort      stm32f4xx_hal_i2c.o
    0x08004890   0x08004890   0x00000012   Code   RO         2513    i.I2C_Flush_DR      stm32f4xx_hal_i2c.o
    0x080048a2   0x080048a2   0x00000002   PAD
    0x080048a4   0x080048a4   0x000001ac   Code   RO         2514    i.I2C_ITError       stm32f4xx_hal_i2c.o
    0x08004a50   0x08004a50   0x0000003e   Code   RO         2515    i.I2C_IsAcknowledgeFailed  stm32f4xx_hal_i2c.o
    0x08004a8e   0x08004a8e   0x00000130   Code   RO         2516    i.I2C_MasterReceive_BTF  stm32f4xx_hal_i2c.o
    0x08004bbe   0x08004bbe   0x00000104   Code   RO         2517    i.I2C_MasterReceive_RXNE  stm32f4xx_hal_i2c.o
    0x08004cc2   0x08004cc2   0x000000a0   Code   RO         2520    i.I2C_MasterTransmit_BTF  stm32f4xx_hal_i2c.o
    0x08004d62   0x08004d62   0x000000d8   Code   RO         2521    i.I2C_MasterTransmit_TXE  stm32f4xx_hal_i2c.o
    0x08004e3a   0x08004e3a   0x0000002a   Code   RO         2522    i.I2C_Master_ADD10  stm32f4xx_hal_i2c.o
    0x08004e64   0x08004e64   0x00000268   Code   RO         2523    i.I2C_Master_ADDR   stm32f4xx_hal_i2c.o
    0x080050cc   0x080050cc   0x0000009e   Code   RO         2524    i.I2C_Master_SB     stm32f4xx_hal_i2c.o
    0x0800516a   0x0800516a   0x000000c6   Code   RO         2525    i.I2C_MemoryTransmit_TXE_BTF  stm32f4xx_hal_i2c.o
    0x08005230   0x08005230   0x00000160   Code   RO         2526    i.I2C_RequestMemoryRead  stm32f4xx_hal_i2c.o
    0x08005390   0x08005390   0x000000e0   Code   RO         2527    i.I2C_RequestMemoryWrite  stm32f4xx_hal_i2c.o
    0x08005470   0x08005470   0x0000001a   Code   RO         2528    i.I2C_SlaveReceive_BTF  stm32f4xx_hal_i2c.o
    0x0800548a   0x0800548a   0x00000046   Code   RO         2529    i.I2C_SlaveReceive_RXNE  stm32f4xx_hal_i2c.o
    0x080054d0   0x080054d0   0x0000001a   Code   RO         2530    i.I2C_SlaveTransmit_BTF  stm32f4xx_hal_i2c.o
    0x080054ea   0x080054ea   0x00000046   Code   RO         2531    i.I2C_SlaveTransmit_TXE  stm32f4xx_hal_i2c.o
    0x08005530   0x08005530   0x00000070   Code   RO         2532    i.I2C_Slave_ADDR    stm32f4xx_hal_i2c.o
    0x080055a0   0x080055a0   0x000000a8   Code   RO         2533    i.I2C_Slave_AF      stm32f4xx_hal_i2c.o
    0x08005648   0x08005648   0x0000018c   Code   RO         2534    i.I2C_Slave_STOPF   stm32f4xx_hal_i2c.o
    0x080057d4   0x080057d4   0x00000066   Code   RO         2535    i.I2C_WaitOnBTFFlagUntilTimeout  stm32f4xx_hal_i2c.o
    0x0800583a   0x0800583a   0x000000be   Code   RO         2536    i.I2C_WaitOnFlagUntilTimeout  stm32f4xx_hal_i2c.o
    0x080058f8   0x080058f8   0x000000fa   Code   RO         2537    i.I2C_WaitOnMasterAddressFlagUntilTimeout  stm32f4xx_hal_i2c.o
    0x080059f2   0x080059f2   0x0000008a   Code   RO         2538    i.I2C_WaitOnRXNEFlagUntilTimeout  stm32f4xx_hal_i2c.o
    0x08005a7c   0x08005a7c   0x00000050   Code   RO         2540    i.I2C_WaitOnSTOPRequestThroughIT  stm32f4xx_hal_i2c.o
    0x08005acc   0x08005acc   0x00000066   Code   RO         2541    i.I2C_WaitOnTXEFlagUntilTimeout  stm32f4xx_hal_i2c.o
    0x08005b32   0x08005b32   0x00000002   PAD
    0x08005b34   0x08005b34   0x00000158   Code   RO         5460    i.IIRFilter_Auto_Init  filter.o
    0x08005c8c   0x08005c8c   0x0000015e   Code   RO         5461    i.IIRFilter_Calculate  filter.o
    0x08005dea   0x08005dea   0x00000086   Code   RO         5389    i.I_Calculate       pid.o
    0x08005e70   0x08005e70   0x0000001c   Code   RO         5390    i.I_Init            pid.o
    0x08005e8c   0x08005e8c   0x0000007e   Code   RO         4874    i.InitMPU6050       mpu6500_driver.o
    0x08005f0a   0x08005f0a   0x00000002   PAD
    0x08005f0c   0x08005f0c   0x0000003c   Code   RO         5188    i.MOTOR_SetPulse    motor.o
    0x08005f48   0x08005f48   0x000000a8   Code   RO         4875    i.MPU6500_DMP_Init  mpu6500_driver.o
    0x08005ff0   0x08005ff0   0x00000024   Code   RO         4879    i.MPU6500_Read_Len  mpu6500_driver.o
    0x08006014   0x08006014   0x00000010   Code   RO         4880    i.MPU6500_Set_Accel_Fsr  mpu6500_driver.o
    0x08006024   0x08006024   0x00000010   Code   RO         4881    i.MPU6500_Set_Gyro_Fsr  mpu6500_driver.o
    0x08006034   0x08006034   0x0000003a   Code   RO         4882    i.MPU6500_Set_LPF   mpu6500_driver.o
    0x0800606e   0x0800606e   0x0000003a   Code   RO         4883    i.MPU6500_Set_Rate  mpu6500_driver.o
    0x080060a8   0x080060a8   0x00000024   Code   RO         4884    i.MPU6500_Write_Len  mpu6500_driver.o
    0x080060cc   0x080060cc   0x00000230   Code   RO         4885    i.MPU6500_dmp_get_euler_angle  mpu6500_driver.o
    0x080062fc   0x080062fc   0x0000001e   Code   RO         4886    i.MPU6500_read_byte  mpu6500_driver.o
    0x0800631a   0x0800631a   0x0000009a   Code   RO         4887    i.MPU6500_run_self_test  mpu6500_driver.o
    0x080063b4   0x080063b4   0x00000012   Code   RO         4888    i.MPU6500_write_byte  mpu6500_driver.o
    0x080063c6   0x080063c6   0x00000002   PAD
    0x080063c8   0x080063c8   0x00000084   Code   RO          421    i.MPU_Task_Start    freertos.o
    0x0800644c   0x0800644c   0x00000074   Code   RO          489    i.MX_ADC1_Init      adc.o
    0x080064c0   0x080064c0   0x00000038   Code   RO          529    i.MX_DMA_Init       dma.o
    0x080064f8   0x080064f8   0x00000088   Code   RO          422    i.MX_FREERTOS_Init  freertos.o
    0x08006580   0x08006580   0x000000b8   Code   RO          395    i.MX_GPIO_Init      gpio.o
    0x08006638   0x08006638   0x0000003c   Code   RO          556    i.MX_I2C1_Init      i2c.o
    0x08006674   0x08006674   0x000000d4   Code   RO          619    i.MX_TIM3_Init      tim.o
    0x08006748   0x08006748   0x0000007c   Code   RO          620    i.MX_TIM4_Init      tim.o
    0x080067c4   0x080067c4   0x0000007c   Code   RO          621    i.MX_TIM5_Init      tim.o
    0x08006840   0x08006840   0x0000004c   Code   RO          622    i.MX_TIM6_Init      tim.o
    0x0800688c   0x0800688c   0x00000038   Code   RO          694    i.MX_USART3_UART_Init  usart.o
    0x080068c4   0x080068c4   0x00000038   Code   RO          695    i.MX_USART6_UART_Init  usart.o
    0x080068fc   0x080068fc   0x00000004   Code   RO          747    i.MemManage_Handler  stm32f4xx_it.o
    0x08006900   0x08006900   0x00000028   Code   RO         5189    i.Motor_init_base   motor.o
    0x08006928   0x08006928   0x00000004   Code   RO          748    i.NMI_Handler       stm32f4xx_it.o
    0x0800692c   0x0800692c   0x00000090   Code   RO         5392    i.PID_Filter_Auto_Init  pid.o
    0x080069bc   0x080069bc   0x000001a8   Code   RO         5393    i.PID_Filter_Calculate  pid.o
    0x08006b64   0x08006b64   0x00000028   Code   RO         4994    i.RPLIDAR_ReceiveData_Clear  rplidar.o
    0x08006b8c   0x08006b8c   0x0000004c   Code   RO         4995    i.RPLIDAR_ReceiveData_Init  rplidar.o
    0x08006bd8   0x08006bd8   0x000000c0   Code   RO         5000    i.RPLIDAR_Receive_Scan_Handler  rplidar.o
    0x08006c98   0x08006c98   0x00000014   Code   RO         5001    i.RPLIDAR_Send_Data_Clear  rplidar.o
    0x08006cac   0x08006cac   0x0000010c   Code   RO         5002    i.RPLIDAR_Send_Scan_Data_add  rplidar.o
    0x08006db8   0x08006db8   0x00000054   Code   RO          423    i.RPLIDAR_Task_Start  freertos.o
    0x08006e0c   0x08006e0c   0x00000020   Code   RO         5008    i.Rplidar_Start_Scan  rplidar.o
    0x08006e2c   0x08006e2c   0x00000020   Code   RO         5009    i.Rplidar_Stop_Scan  rplidar.o
    0x08006e4c   0x08006e4c   0x00000188   Code   RO         5010    i.Rplidar_Uart_Receive_Handler  rplidar.o
    0x08006fd4   0x08006fd4   0x00000014   Code   RO          424    i.StartDefaultTask  freertos.o
    0x08006fe8   0x08006fe8   0x00000014   Code   RO          749    i.SysTick_Handler   stm32f4xx_it.o
    0x08006ffc   0x08006ffc   0x000000c0   Code   RO          331    i.SystemClock_Config  main.o
    0x080070bc   0x080070bc   0x00000014   Code   RO         4325    i.SystemInit        system_stm32f4xx.o
    0x080070d0   0x080070d0   0x00000010   Code   RO          750    i.TIM6_DAC_IRQHandler  stm32f4xx_it.o
    0x080070e0   0x080070e0   0x000000e0   Code   RO         3062    i.TIM_Base_SetConfig  stm32f4xx_hal_tim.o
    0x080071c0   0x080071c0   0x00000022   Code   RO         3063    i.TIM_CCxChannelCmd  stm32f4xx_hal_tim.o
    0x080071e2   0x080071e2   0x00000016   Code   RO         3073    i.TIM_ETR_SetConfig  stm32f4xx_hal_tim.o
    0x080071f8   0x080071f8   0x00000012   Code   RO         3074    i.TIM_ITRx_SetConfig  stm32f4xx_hal_tim.o
    0x0800720a   0x0800720a   0x00000002   PAD
    0x0800720c   0x0800720c   0x00000070   Code   RO         3075    i.TIM_OC1_SetConfig  stm32f4xx_hal_tim.o
    0x0800727c   0x0800727c   0x0000007c   Code   RO         3076    i.TIM_OC2_SetConfig  stm32f4xx_hal_tim.o
    0x080072f8   0x080072f8   0x00000078   Code   RO         3077    i.TIM_OC3_SetConfig  stm32f4xx_hal_tim.o
    0x08007370   0x08007370   0x00000054   Code   RO         3078    i.TIM_OC4_SetConfig  stm32f4xx_hal_tim.o
    0x080073c4   0x080073c4   0x00000026   Code   RO         3080    i.TIM_TI1_ConfigInputStage  stm32f4xx_hal_tim.o
    0x080073ea   0x080073ea   0x00000028   Code   RO         3082    i.TIM_TI2_ConfigInputStage  stm32f4xx_hal_tim.o
    0x08007412   0x08007412   0x00000012   Code   RO         3994    i.UART_DMAAbortOnError  stm32f4xx_hal_uart.o
    0x08007424   0x08007424   0x00000050   Code   RO         3995    i.UART_DMAError     stm32f4xx_hal_uart.o
    0x08007474   0x08007474   0x00000058   Code   RO         4000    i.UART_DMATransmitCplt  stm32f4xx_hal_uart.o
    0x080074cc   0x080074cc   0x0000000e   Code   RO         4002    i.UART_DMATxHalfCplt  stm32f4xx_hal_uart.o
    0x080074da   0x080074da   0x0000006c   Code   RO         4004    i.UART_EndRxTransfer  stm32f4xx_hal_uart.o
    0x08007546   0x08007546   0x00000020   Code   RO         4005    i.UART_EndTransmit_IT  stm32f4xx_hal_uart.o
    0x08007566   0x08007566   0x00000026   Code   RO         4006    i.UART_EndTxTransfer  stm32f4xx_hal_uart.o
    0x0800758c   0x0800758c   0x000000fc   Code   RO         4007    i.UART_Receive_IT   stm32f4xx_hal_uart.o
    0x08007688   0x08007688   0x0000022c   Code   RO         4008    i.UART_SetConfig    stm32f4xx_hal_uart.o
    0x080078b4   0x080078b4   0x00000040   Code   RO         4010    i.UART_Start_Receive_IT  stm32f4xx_hal_uart.o
    0x080078f4   0x080078f4   0x00000060   Code   RO         4011    i.UART_Transmit_IT  stm32f4xx_hal_uart.o
    0x08007954   0x08007954   0x0000008c   Code   RO         4012    i.UART_WaitOnFlagUntilTimeout  stm32f4xx_hal_uart.o
    0x080079e0   0x080079e0   0x00000010   Code   RO          751    i.USART3_IRQHandler  stm32f4xx_it.o
    0x080079f0   0x080079f0   0x00000010   Code   RO          752    i.USART6_IRQHandler  stm32f4xx_it.o
    0x08007a00   0x08007a00   0x00000004   Code   RO          753    i.UsageFault_Handler  stm32f4xx_it.o
    0x08007a04   0x08007a04   0x00000030   Code   RO         7717    i.__ARM_fpclassify  m_wm.l(fpclassify.o)
    0x08007a34   0x08007a34   0x00000026   Code   RO         7719    i.__ARM_fpclassifyf  m_wm.l(fpclassifyf.o)
    0x08007a5a   0x08007a5a   0x00000002   PAD
    0x08007a5c   0x08007a5c   0x00000010   Code   RO         2065    i.__NVIC_GetPriorityGrouping  stm32f4xx_hal_cortex.o
    0x08007a6c   0x08007a6c   0x00000028   Code   RO         2066    i.__NVIC_SetPriority  stm32f4xx_hal_cortex.o
    0x08007a94   0x08007a94   0x00000006   Code   RO         6692    i.__get_IPSR        cmsis_os2.o
    0x08007a9a   0x08007a9a   0x00000006   PAD
    0x08007aa0   0x08007aa0   0x00000360   Code   RO         7518    i.__hardfp_asin     m_wm.l(asin.o)
    0x08007e00   0x08007e00   0x000002d8   Code   RO         7683    i.__hardfp_atan     m_wm.l(atan.o)
    0x080080d8   0x080080d8   0x00000200   Code   RO         7532    i.__hardfp_atan2    m_wm.l(atan2.o)
    0x080082d8   0x080082d8   0x00000150   Code   RO         7544    i.__hardfp_cosf     m_wm.l(cosf.o)
    0x08008428   0x08008428   0x00000190   Code   RO         7556    i.__hardfp_sinf     m_wm.l(sinf.o)
    0x080085b8   0x080085b8   0x0000017c   Code   RO         7568    i.__hardfp_tanf     m_wm.l(tanf.o)
    0x08008734   0x08008734   0x000000f8   Code   RO         7735    i.__kernel_poly     m_wm.l(poly.o)
    0x0800882c   0x0800882c   0x00000014   Code   RO         7698    i.__mathlib_dbl_infnan  m_wm.l(dunder.o)
    0x08008840   0x08008840   0x00000014   Code   RO         7699    i.__mathlib_dbl_infnan2  m_wm.l(dunder.o)
    0x08008854   0x08008854   0x00000004   PAD
    0x08008858   0x08008858   0x00000020   Code   RO         7700    i.__mathlib_dbl_invalid  m_wm.l(dunder.o)
    0x08008878   0x08008878   0x00000020   Code   RO         7703    i.__mathlib_dbl_underflow  m_wm.l(dunder.o)
    0x08008898   0x08008898   0x00000006   Code   RO         7722    i.__mathlib_flt_infnan  m_wm.l(funder.o)
    0x0800889e   0x0800889e   0x00000002   PAD
    0x080088a0   0x080088a0   0x00000010   Code   RO         7724    i.__mathlib_flt_invalid  m_wm.l(funder.o)
    0x080088b0   0x080088b0   0x00000010   Code   RO         7727    i.__mathlib_flt_underflow  m_wm.l(funder.o)
    0x080088c0   0x080088c0   0x00000154   Code   RO         7738    i.__mathlib_rredf2  m_wm.l(rredf.o)
    0x08008a14   0x08008a14   0x00000010   Code   RO         7685    i.atan              m_wm.l(atan.o)
    0x08008a24   0x08008a24   0x000003b0   Code   RO         5464    i.butterworth_lowpass  filter.o
    0x08008dd4   0x08008dd4   0x00000064   Code   RO         5465    i.complex_add       filter.o
    0x08008e38   0x08008e38   0x00000164   Code   RO         5466    i.complex_divide    filter.o
    0x08008f9c   0x08008f9c   0x000000d6   Code   RO         5467    i.complex_multiply  filter.o
    0x08009072   0x08009072   0x00000044   Code   RO         5468    i.complex_negate    filter.o
    0x080090b6   0x080090b6   0x00000054   Code   RO         5469    i.complex_polar     filter.o
    0x0800910a   0x0800910a   0x0000006a   Code   RO         5470    i.complex_scale     filter.o
    0x08009174   0x08009174   0x00000064   Code   RO         4655    i.decode_gesture    inv_mpu_dmp_motion_driver.o
    0x080091d8   0x080091d8   0x0000003c   Code   RO         4656    i.dmp_enable_6x_lp_quat  inv_mpu_dmp_motion_driver.o
    0x08009214   0x08009214   0x0000021c   Code   RO         4657    i.dmp_enable_feature  inv_mpu_dmp_motion_driver.o
    0x08009430   0x08009430   0x00000058   Code   RO         4658    i.dmp_enable_gyro_cal  inv_mpu_dmp_motion_driver.o
    0x08009488   0x08009488   0x0000003c   Code   RO         4659    i.dmp_enable_lp_quat  inv_mpu_dmp_motion_driver.o
    0x080094c4   0x080094c4   0x00000018   Code   RO         4664    i.dmp_load_motion_driver_firmware  inv_mpu_dmp_motion_driver.o
    0x080094dc   0x080094dc   0x000001cc   Code   RO         4665    i.dmp_read_fifo     inv_mpu_dmp_motion_driver.o
    0x080096a8   0x080096a8   0x00000130   Code   RO         4668    i.dmp_set_accel_bias  inv_mpu_dmp_motion_driver.o
    0x080097d8   0x080097d8   0x00000070   Code   RO         4669    i.dmp_set_fifo_rate  inv_mpu_dmp_motion_driver.o
    0x08009848   0x08009848   0x00000130   Code   RO         4670    i.dmp_set_gyro_bias  inv_mpu_dmp_motion_driver.o
    0x08009978   0x08009978   0x0000005c   Code   RO         4671    i.dmp_set_interrupt_mode  inv_mpu_dmp_motion_driver.o
    0x080099d4   0x080099d4   0x00000138   Code   RO         4672    i.dmp_set_orientation  inv_mpu_dmp_motion_driver.o
    0x08009b0c   0x08009b0c   0x00000038   Code   RO         4675    i.dmp_set_shake_reject_thresh  inv_mpu_dmp_motion_driver.o
    0x08009b44   0x08009b44   0x00000026   Code   RO         4676    i.dmp_set_shake_reject_time  inv_mpu_dmp_motion_driver.o
    0x08009b6a   0x08009b6a   0x00000026   Code   RO         4677    i.dmp_set_shake_reject_timeout  inv_mpu_dmp_motion_driver.o
    0x08009b90   0x08009b90   0x00000046   Code   RO         4678    i.dmp_set_tap_axes  inv_mpu_dmp_motion_driver.o
    0x08009bd6   0x08009bd6   0x00000026   Code   RO         4679    i.dmp_set_tap_count  inv_mpu_dmp_motion_driver.o
    0x08009bfc   0x08009bfc   0x000001c0   Code   RO         4680    i.dmp_set_tap_thresh  inv_mpu_dmp_motion_driver.o
    0x08009dbc   0x08009dbc   0x00000026   Code   RO         4681    i.dmp_set_tap_time  inv_mpu_dmp_motion_driver.o
    0x08009de2   0x08009de2   0x00000026   Code   RO         4682    i.dmp_set_tap_time_multi  inv_mpu_dmp_motion_driver.o
    0x08009e08   0x08009e08   0x00000018   Code   RO         7713    i.fabs              m_wm.l(fabs.o)
    0x08009e20   0x08009e20   0x0000000c   Code   RO         5325    i.get_DWT_CYCCNT    dwt.o
    0x08009e2c   0x08009e2c   0x0000046c   Code   RO         4361    i.get_st_biases     inv_mpu.o
    0x0800a298   0x0800a298   0x00000028   Code   RO         4849    i.inv_orientation_matrix_to_scalar  math_fun.o
    0x0800a2c0   0x0800a2c0   0x0000004e   Code   RO         4850    i.inv_row_2_scale   math_fun.o
    0x0800a30e   0x0800a30e   0x00000044   Code   RO          332    i.main              main.o
    0x0800a352   0x0800a352   0x00000002   PAD
    0x0800a354   0x0800a354   0x000000f4   Code   RO         5190    i.motor_angle_pid_cal  motor.o
    0x0800a448   0x0800a448   0x00000060   Code   RO         5192    i.motor_enable      motor.o
    0x0800a4a8   0x0800a4a8   0x0000026c   Code   RO         5193    i.motor_init        motor.o
    0x0800a714   0x0800a714   0x0000002c   Code   RO         5194    i.motor_location_pid_cal  motor.o
    0x0800a740   0x0800a740   0x00000024   Code   RO         5195    i.motor_output      motor.o
    0x0800a764   0x0800a764   0x00000020   Code   RO         5196    i.motor_speed_pid_cal  motor.o
    0x0800a784   0x0800a784   0x00000080   Code   RO         5197    i.motor_speed_rate_diff_pid_cal  motor.o
    0x0800a804   0x0800a804   0x00000138   Code   RO         5198    i.motor_update      motor.o
    0x0800a93c   0x0800a93c   0x00000070   Code   RO         4362    i.mpu_configure_fifo  inv_mpu.o
    0x0800a9ac   0x0800a9ac   0x0000004c   Code   RO         4363    i.mpu_get_accel_fsr  inv_mpu.o
    0x0800a9f8   0x0800a9f8   0x00000054   Code   RO         4365    i.mpu_get_accel_sens  inv_mpu.o
    0x0800aa4c   0x0800aa4c   0x00000010   Code   RO         4370    i.mpu_get_fifo_config  inv_mpu.o
    0x0800aa5c   0x0800aa5c   0x00000044   Code   RO         4371    i.mpu_get_gyro_fsr  inv_mpu.o
    0x0800aaa0   0x0800aaa0   0x00000060   Code   RO         4373    i.mpu_get_gyro_sens  inv_mpu.o
    0x0800ab00   0x0800ab00   0x00000050   Code   RO         4375    i.mpu_get_lpf       inv_mpu.o
    0x0800ab50   0x0800ab50   0x00000020   Code   RO         4377    i.mpu_get_sample_rate  inv_mpu.o
    0x0800ab70   0x0800ab70   0x0000011c   Code   RO         4379    i.mpu_init          inv_mpu.o
    0x0800ac8c   0x0800ac8c   0x000000b8   Code   RO         4380    i.mpu_load_firmware  inv_mpu.o
    0x0800ad44   0x0800ad44   0x0000011c   Code   RO         4381    i.mpu_lp_accel_mode  inv_mpu.o
    0x0800ae60   0x0800ae60   0x000000c0   Code   RO         4384    i.mpu_read_fifo_stream  inv_mpu.o
    0x0800af20   0x0800af20   0x00000080   Code   RO         4385    i.mpu_read_mem      inv_mpu.o
    0x0800afa0   0x0800afa0   0x000001c8   Code   RO         4388    i.mpu_reset_fifo    inv_mpu.o
    0x0800b168   0x0800b168   0x000000ac   Code   RO         4389    i.mpu_run_self_test  inv_mpu.o
    0x0800b214   0x0800b214   0x00000084   Code   RO         4391    i.mpu_set_accel_fsr  inv_mpu.o
    0x0800b298   0x0800b298   0x0000014c   Code   RO         4392    i.mpu_set_bypass    inv_mpu.o
    0x0800b3e4   0x0800b3e4   0x00000090   Code   RO         4394    i.mpu_set_dmp_state  inv_mpu.o
    0x0800b474   0x0800b474   0x00000088   Code   RO         4395    i.mpu_set_gyro_fsr  inv_mpu.o
    0x0800b4fc   0x0800b4fc   0x0000006c   Code   RO         4396    i.mpu_set_int_latched  inv_mpu.o
    0x0800b568   0x0800b568   0x00000084   Code   RO         4398    i.mpu_set_lpf       inv_mpu.o
    0x0800b5ec   0x0800b5ec   0x0000009c   Code   RO         4399    i.mpu_set_sample_rate  inv_mpu.o
    0x0800b688   0x0800b688   0x000000d0   Code   RO         4400    i.mpu_set_sensors   inv_mpu.o
    0x0800b758   0x0800b758   0x00000080   Code   RO         4401    i.mpu_write_mem     inv_mpu.o
    0x0800b7d8   0x0800b7d8   0x0000001e   Code   RO         6693    i.osDelay           cmsis_os2.o
    0x0800b7f6   0x0800b7f6   0x00000002   PAD
    0x0800b7f8   0x0800b7f8   0x0000002c   Code   RO         6707    i.osKernelInitialize  cmsis_os2.o
    0x0800b824   0x0800b824   0x00000060   Code   RO         6710    i.osKernelStart     cmsis_os2.o
    0x0800b884   0x0800b884   0x000000b8   Code   RO         6752    i.osThreadNew       cmsis_os2.o
    0x0800b93c   0x0800b93c   0x0000007c   Code   RO         6128    i.prvAddCurrentTaskToDelayedList  tasks.o
    0x0800b9b8   0x0800b9b8   0x000000b8   Code   RO         6129    i.prvAddNewTaskToReadyList  tasks.o
    0x0800ba70   0x0800ba70   0x00000074   Code   RO         6504    i.prvCheckForValidListAndQueue  timers.o
    0x0800bae4   0x0800bae4   0x00000048   Code   RO         6130    i.prvCheckTasksWaitingTermination  tasks.o
    0x0800bb2c   0x0800bb2c   0x0000002a   Code   RO         5721    i.prvCopyDataFromQueue  queue.o
    0x0800bb56   0x0800bb56   0x0000007e   Code   RO         5722    i.prvCopyDataToQueue  queue.o
    0x0800bbd4   0x0800bbd4   0x00000050   Code   RO         6131    i.prvDeleteTCB      tasks.o
    0x0800bc24   0x0800bc24   0x00000028   Code   RO         6505    i.prvGetNextExpireTime  timers.o
    0x0800bc4c   0x0800bc4c   0x0000007c   Code   RO         7215    i.prvHeapInit       heap_4.o
    0x0800bcc8   0x0800bcc8   0x00000028   Code   RO         6132    i.prvIdleTask       tasks.o
    0x0800bcf0   0x0800bcf0   0x0000002a   Code   RO         5725    i.prvInitialiseNewQueue  queue.o
    0x0800bd1a   0x0800bd1a   0x000000be   Code   RO         6133    i.prvInitialiseNewTask  tasks.o
    0x0800bdd8   0x0800bdd8   0x00000068   Code   RO         6134    i.prvInitialiseTaskLists  tasks.o
    0x0800be40   0x0800be40   0x00000068   Code   RO         7216    i.prvInsertBlockIntoFreeList  heap_4.o
    0x0800bea8   0x0800bea8   0x00000058   Code   RO         6507    i.prvInsertTimerInActiveList  timers.o
    0x0800bf00   0x0800bf00   0x0000001a   Code   RO         5726    i.prvIsQueueEmpty   queue.o
    0x0800bf1a   0x0800bf1a   0x0000001e   Code   RO         5727    i.prvIsQueueFull    queue.o
    0x0800bf38   0x0800bf38   0x00000074   Code   RO         6508    i.prvProcessExpiredTimer  timers.o
    0x0800bfac   0x0800bfac   0x00000164   Code   RO         6509    i.prvProcessReceivedCommands  timers.o
    0x0800c110   0x0800c110   0x00000074   Code   RO         6510    i.prvProcessTimerOrBlockTask  timers.o
    0x0800c184   0x0800c184   0x00000034   Code   RO         6136    i.prvResetNextTaskUnblockTime  tasks.o
    0x0800c1b8   0x0800c1b8   0x0000002c   Code   RO         6511    i.prvSampleTimeNow  timers.o
    0x0800c1e4   0x0800c1e4   0x000000a4   Code   RO         6512    i.prvSwitchTimerLists  timers.o
    0x0800c288   0x0800c288   0x00000040   Code   RO         7271    i.prvTaskExitError  port.o
    0x0800c2c8   0x0800c2c8   0x0000001a   Code   RO         6513    i.prvTimerTask      timers.o
    0x0800c2e2   0x0800c2e2   0x0000007e   Code   RO         5728    i.prvUnlockQueue    queue.o
    0x0800c360   0x0800c360   0x0000014c   Code   RO         7217    i.pvPortMalloc      heap_4.o
    0x0800c4ac   0x0800c4ac   0x0000002c   Code   RO         7272    i.pxPortInitialiseStack  port.o
    0x0800c4d8   0x0800c4d8   0x00000090   Code   RO         4402    i.set_int_enable    inv_mpu.o
    0x0800c568   0x0800c568   0x00000094   Code   RO         5199    i.set_motor_speed   motor.o
    0x0800c5fc   0x0800c5fc   0x0000004c   Code   RO         5200    i.speed_to_pulse    motor.o
    0x0800c648   0x0800c648   0x0000006e   Code   RO         7743    i.sqrt              m_wm.l(sqrt.o)
    0x0800c6b6   0x0800c6b6   0x00000028   Code   RO         5681    i.uxListRemove      list.o
    0x0800c6de   0x0800c6de   0x00000002   PAD
    0x0800c6e0   0x0800c6e0   0x00000018   Code   RO         6764    i.vApplicationGetIdleTaskMemory  cmsis_os2.o
    0x0800c6f8   0x0800c6f8   0x00000018   Code   RO         6765    i.vApplicationGetTimerTaskMemory  cmsis_os2.o
    0x0800c710   0x0800c710   0x0000001a   Code   RO         5682    i.vListInitialise   list.o
    0x0800c72a   0x0800c72a   0x00000006   Code   RO         5683    i.vListInitialiseItem  list.o
    0x0800c730   0x0800c730   0x00000034   Code   RO         5684    i.vListInsert       list.o
    0x0800c764   0x0800c764   0x00000018   Code   RO         5685    i.vListInsertEnd    list.o
    0x0800c77c   0x0800c77c   0x00000054   Code   RO         7274    i.vPortEnterCritical  port.o
    0x0800c7d0   0x0800c7d0   0x0000003c   Code   RO         7275    i.vPortExitCritical  port.o
    0x0800c80c   0x0800c80c   0x000000a4   Code   RO         7218    i.vPortFree         heap_4.o
    0x0800c8b0   0x0800c8b0   0x00000028   Code   RO         7276    i.vPortSetupTimerInterrupt  port.o
    0x0800c8d8   0x0800c8d8   0x00000078   Code   RO         7277    i.vPortValidateInterruptPriority  port.o
    0x0800c950   0x0800c950   0x0000002c   Code   RO         5734    i.vQueueAddToRegistry  queue.o
    0x0800c97c   0x0800c97c   0x0000004a   Code   RO         5738    i.vQueueWaitForMessageRestricted  queue.o
    0x0800c9c6   0x0800c9c6   0x00000002   PAD
    0x0800c9c8   0x0800c9c8   0x0000005c   Code   RO         6149    i.vTaskDelay        tasks.o
    0x0800ca24   0x0800ca24   0x00000018   Code   RO         6154    i.vTaskInternalSetTimeOutState  tasks.o
    0x0800ca3c   0x0800ca3c   0x0000000c   Code   RO         6155    i.vTaskMissedYield  tasks.o
    0x0800ca48   0x0800ca48   0x00000038   Code   RO         6157    i.vTaskPlaceOnEventList  tasks.o
    0x0800ca80   0x0800ca80   0x00000040   Code   RO         6158    i.vTaskPlaceOnEventListRestricted  tasks.o
    0x0800cac0   0x0800cac0   0x000000b8   Code   RO         6166    i.vTaskStartScheduler  tasks.o
    0x0800cb78   0x0800cb78   0x00000010   Code   RO         6168    i.vTaskSuspendAll   tasks.o
    0x0800cb88   0x0800cb88   0x00000090   Code   RO         6169    i.vTaskSwitchContext  tasks.o
    0x0800cc18   0x0800cc18   0x00000168   Code   RO         7278    i.xPortStartScheduler  port.o
    0x0800cd80   0x0800cd80   0x00000034   Code   RO         7279    i.xPortSysTickHandler  port.o
    0x0800cdb4   0x0800cdb4   0x000000e0   Code   RO         5744    i.xQueueGenericCreateStatic  queue.o
    0x0800ce94   0x0800ce94   0x00000098   Code   RO         5745    i.xQueueGenericReset  queue.o
    0x0800cf2c   0x0800cf2c   0x000001a8   Code   RO         5746    i.xQueueGenericSend  queue.o
    0x0800d0d4   0x0800d0d4   0x000000fc   Code   RO         5747    i.xQueueGenericSendFromISR  queue.o
    0x0800d1d0   0x0800d1d0   0x00000168   Code   RO         5756    i.xQueueReceive     queue.o
    0x0800d338   0x0800d338   0x0000008c   Code   RO         6171    i.xTaskCheckForTimeOut  tasks.o
    0x0800d3c4   0x0800d3c4   0x00000064   Code   RO         6172    i.xTaskCreate       tasks.o
    0x0800d428   0x0800d428   0x000000ba   Code   RO         6173    i.xTaskCreateStatic  tasks.o
    0x0800d4e2   0x0800d4e2   0x00000002   PAD
    0x0800d4e4   0x0800d4e4   0x00000020   Code   RO         6177    i.xTaskGetSchedulerState  tasks.o
    0x0800d504   0x0800d504   0x0000000c   Code   RO         6178    i.xTaskGetTickCount  tasks.o
    0x0800d510   0x0800d510   0x00000144   Code   RO         6180    i.xTaskIncrementTick  tasks.o
    0x0800d654   0x0800d654   0x000000a4   Code   RO         6183    i.xTaskPriorityDisinherit  tasks.o
    0x0800d6f8   0x0800d6f8   0x00000098   Code   RO         6185    i.xTaskRemoveFromEventList  tasks.o
    0x0800d790   0x0800d790   0x00000104   Code   RO         6186    i.xTaskResumeAll    tasks.o
    0x0800d894   0x0800d894   0x00000078   Code   RO         6522    i.xTimerCreateTimerTask  timers.o
    0x0800d90c   0x0800d90c   0x00000084   Code   RO         6523    i.xTimerGenericCommand  timers.o
    0x0800d990   0x0800d990   0x00000018   Code   RO         7484    x$fpl$basic         fz_wm.l(basic.o)
    0x0800d9a8   0x0800d9a8   0x00000062   Code   RO         7486    x$fpl$d2f           fz_wm.l(d2f.o)
    0x0800da0a   0x0800da0a   0x00000002   PAD
    0x0800da0c   0x0800da0c   0x00000150   Code   RO         7488    x$fpl$dadd          fz_wm.l(daddsub_clz.o)
    0x0800db5c   0x0800db5c   0x00000018   Code   RO         7672    x$fpl$dcmpinf       fz_wm.l(dcmpi.o)
    0x0800db74   0x0800db74   0x000002b0   Code   RO         7495    x$fpl$ddiv          fz_wm.l(ddiv.o)
    0x0800de24   0x0800de24   0x00000078   Code   RO         7498    x$fpl$deqf          fz_wm.l(deqf.o)
    0x0800de9c   0x0800de9c   0x00000026   Code   RO         7500    x$fpl$dfltu         fz_wm.l(dflt_clz.o)
    0x0800dec2   0x0800dec2   0x00000002   PAD
    0x0800dec4   0x0800dec4   0x0000008a   Code   RO         7507    x$fpl$dfltull       fz_wm.l(dfltll_clz.o)
    0x0800df4e   0x0800df4e   0x00000002   PAD
    0x0800df50   0x0800df50   0x00000078   Code   RO         7510    x$fpl$dleqf         fz_wm.l(dleqf.o)
    0x0800dfc8   0x0800dfc8   0x00000154   Code   RO         7512    x$fpl$dmul          fz_wm.l(dmul.o)
    0x0800e11c   0x0800e11c   0x0000009c   Code   RO         7674    x$fpl$dnaninf       fz_wm.l(dnaninf.o)
    0x0800e1b8   0x0800e1b8   0x0000000c   Code   RO         7676    x$fpl$dretinf       fz_wm.l(dretinf.o)
    0x0800e1c4   0x0800e1c4   0x0000006c   Code   RO         7514    x$fpl$drleqf        fz_wm.l(drleqf.o)
    0x0800e230   0x0800e230   0x00000016   Code   RO         7489    x$fpl$drsb          fz_wm.l(daddsub_clz.o)
    0x0800e246   0x0800e246   0x00000002   PAD
    0x0800e248   0x0800e248   0x00000198   Code   RO         7813    x$fpl$dsqrt         fz_wm.l(dsqrt_umaal.o)
    0x0800e3e0   0x0800e3e0   0x000001d4   Code   RO         7490    x$fpl$dsub          fz_wm.l(daddsub_clz.o)
    0x0800e5b4   0x0800e5b4   0x00000056   Code   RO         7516    x$fpl$f2d           fz_wm.l(f2d.o)
    0x0800e60a   0x0800e60a   0x0000008c   Code   RO         7678    x$fpl$fnaninf       fz_wm.l(fnaninf.o)
    0x0800e696   0x0800e696   0x0000000a   Code   RO         7815    x$fpl$fpinit        fz_wm.l(fpinit.o)
    0x0800e6a0   0x0800e6a0   0x0000000a   Code   RO         7680    x$fpl$fretinf       fz_wm.l(fretinf.o)
    0x0800e6aa   0x0800e6aa   0x00000000   Code   RO         7682    x$fpl$usenofp       fz_wm.l(usenofp.o)
    0x0800e6aa   0x0800e6aa   0x00000002   PAD
    0x0800e6ac   0x0800e6ac   0x000000b4   Data   RO          426    .constdata          freertos.o
    0x0800e760   0x0800e760   0x00000008   Data   RO         1761    .constdata          stm32f4xx_hal_dma.o
    0x0800e768   0x0800e768   0x00000018   Data   RO         4326    .constdata          system_stm32f4xx.o
    0x0800e780   0x0800e780   0x00000054   Data   RO         4404    .constdata          inv_mpu.o
    0x0800e7d4   0x0800e7d4   0x00000bf6   Data   RO         4684    .constdata          inv_mpu_dmp_motion_driver.o
    0x0800f3ca   0x0800f3ca   0x00000006   PAD
    0x0800f3d0   0x0800f3d0   0x00000050   Data   RO         7521    .constdata          m_wm.l(asin.o)
    0x0800f420   0x0800f420   0x00000098   Data   RO         7686    .constdata          m_wm.l(atan.o)
    0x0800f4b8   0x0800f4b8   0x00000008   Data   RO         7737    .constdata          m_wm.l(qnan.o)
    0x0800f4c0   0x0800f4c0   0x00000020   Data   RO         7739    .constdata          m_wm.l(rredf.o)
    0x0800f4e0   0x0800f4e0   0x00000048   Data   RO          427    .conststring        freertos.o
    0x0800f528   0x0800f528   0x00000020   Data   RO         7956    Region$$Table       anon$$obj.o


    Execution Region RW_IRAM1 (Exec base: 0x20000000, Load base: 0x0800f548, Size: 0x000082f8, Max: 0x00020000, ABSOLUTE, COMPRESSED[0x00000054])

    Exec Addr    Load Addr    Size         Type   Attr      Idx    E Section Name        Object

    0x20000000   COMPRESSED   0x00000012   Data   RW           20    .data               nvic_callback.o
    0x20000012   COMPRESSED   0x00000006   PAD
    0x20000018   COMPRESSED   0x00000044   Data   RW          428    .data               freertos.o
    0x2000005c   COMPRESSED   0x00000003   Data   RW          560    .data               i2c.o
    0x2000005f   COMPRESSED   0x00000001   PAD
    0x20000060   COMPRESSED   0x00000009   Data   RW         2229    .data               stm32f4xx_hal.o
    0x20000069   COMPRESSED   0x00000003   PAD
    0x2000006c   COMPRESSED   0x00000004   Data   RW         4327    .data               system_stm32f4xx.o
    0x20000070   COMPRESSED   0x0000002c   Data   RW         4405    .data               inv_mpu.o
    0x2000009c   COMPRESSED   0x0000000a   Data   RW         4890    .data               mpu6500_driver.o
    0x200000a6   COMPRESSED   0x00000007   Data   RW         5012    .data               rplidar.o
    0x200000ad   COMPRESSED   0x00000001   Data   RW         5129    .data               bluetooth.o
    0x200000ae   COMPRESSED   0x00000002   PAD
    0x200000b0   COMPRESSED   0x000000d8   Data   RW         5202    .data               motor.o
    0x20000188   COMPRESSED   0x00000008   Data   RW         5326    .data               dwt.o
    0x20000190   COMPRESSED   0x0000003c   Data   RW         6189    .data               tasks.o
    0x200001cc   COMPRESSED   0x00000014   Data   RW         6531    .data               timers.o
    0x200001e0   COMPRESSED   0x00000004   Data   RW         6767    .data               cmsis_os2.o
    0x200001e4   COMPRESSED   0x00000020   Data   RW         7224    .data               heap_4.o
    0x20000204   COMPRESSED   0x0000000c   Data   RW         7280    .data               port.o
    0x20000210        -       0x00000078   Zero   RW          268    .bss                fsm.o
    0x20000288        -       0x0000001c   Zero   RW          425    .bss                freertos.o
    0x200002a4        -       0x00000048   Zero   RW          490    .bss                adc.o
    0x200002ec        -       0x00000054   Zero   RW          559    .bss                i2c.o
    0x20000340        -       0x00000120   Zero   RW          623    .bss                tim.o
    0x20000460        -       0x000000f0   Zero   RW          696    .bss                usart.o
    0x20000550        -       0x00000010   Zero   RW         4683    .bss                inv_mpu_dmp_motion_driver.o
    0x20000560        -       0x00000018   Zero   RW         4889    .bss                mpu6500_driver.o
    0x20000578        -       0x000017f4   Zero   RW         5011    .bss                rplidar.o
    0x20001d6c        -       0x00000c00   Zero   RW         5128    .bss                bluetooth.o
    0x2000296c   COMPRESSED   0x00000004   PAD
    0x20002970        -       0x00000a50   Zero   RW         5201    .bss                motor.o
    0x200033c0        -       0x00000040   Zero   RW         5760    .bss                queue.o
    0x20003400        -       0x000004c4   Zero   RW         6188    .bss                tasks.o
    0x200038c4        -       0x00000118   Zero   RW         6530    .bss                timers.o
    0x200039dc        -       0x000006b8   Zero   RW         6766    .bss                cmsis_os2.o
    0x20004094        -       0x00003c00   Zero   RW         7223    .bss                heap_4.o
    0x20007c94        -       0x00000060   Zero   RW         7756    .bss                c_w.l(libspace.o)
    0x20007cf4   COMPRESSED   0x00000004   PAD
    0x20007cf8        -       0x00000200   Zero   RW            2    HEAP                startup_stm32f446xx.o
    0x20007ef8        -       0x00000400   Zero   RW            1    STACK               startup_stm32f446xx.o


==============================================================================

Image component sizes


      Code (inc. data)   RO Data    RW Data    ZI Data      Debug   Object Name

       244         26          0          0         72       1741   adc.o
       728         70          0          1       3072       6987   bluetooth.o
       408         38          0          4       1720      64525   cmsis_os2.o
        96          0          0          0          0       1154   delay.o
        56          4          0          0          0        774   dma.o
       480        110          0          8          0       3866   dwt.o
         0          0          0          0          0      19472   event_groups.o
      2566         34          0          0          0       9725   filter.o
       680        158        252         68         28       5881   freertos.o
      1248        108          0          0        120       5036   fsm.o
       184          8          0          0          0        983   gpio.o
       724         74          0         32      15360       4891   heap_4.o
       228         24          0          3         84       1895   i2c.o
      5016        168         84         44          0      25991   inv_mpu.o
      3220        164       3062          0         16      22319   inv_mpu_dmp_motion_driver.o
       148          0          0          0          0       3590   list.o
       266          8          0          0          0       8876   main.o
       118          0          0          0          0       1361   math_fun.o
      1836        358          0        216       2640      12623   motor.o
      1276         30          0         10         24      11400   mpu6500_driver.o
       332         92          0         18          0     749944   nvic_callback.o
       938         56          0          0          0       5370   pid.o
      1014         92          0         12          0      11737   port.o
      1922         20          0          0         64      17472   queue.o
      1052         74          0          7       6132       8974   rplidar.o
        64         26        452          0       1536        848   startup_stm32f446xx.o
       172         32          0          9          0       8649   stm32f4xx_hal.o
       876         32          0          0          0       2771   stm32f4xx_hal_adc.o
       312         22          0          0          0      34363   stm32f4xx_hal_cortex.o
      1444         16          8          0          0       7673   stm32f4xx_hal_dma.o
       512         44          0          0          0       2091   stm32f4xx_hal_gpio.o
      7340         84          0          0          0      33628   stm32f4xx_hal_i2c.o
        84          6          0          0          0        870   stm32f4xx_hal_msp.o
       140         12          0          0          0       1288   stm32f4xx_hal_pwr_ex.o
       464         46          0          0          0       3334   stm32f4xx_hal_rcc.o
      1536         40          0          0          0       2838   stm32f4xx_hal_rcc_ex.o
      2762        142          0          0          0      18703   stm32f4xx_hal_tim.o
       184         30          0          0          0       2545   stm32f4xx_hal_tim_ex.o
      2776         26          0          0          0      16104   stm32f4xx_hal_uart.o
       148         36          0          0          0       6868   stm32f4xx_it.o
        20          6         24          4          0       1139   system_stm32f4xx.o
      2808        346          0         60       1220      27570   tasks.o
      1052         86          0          0        288       5341   tim.o
      1318        124          0         20        280      32943   timers.o
       468         44          0          0        240       2498   usart.o

    ----------------------------------------------------------------------
     49310       2916       3920        528      32900    1218651   Object Totals
         0          0         32          0          0          0   (incl. Generated)
        50          0          6         12          4          0   (incl. Padding)

    ----------------------------------------------------------------------

      Code (inc. data)   RO Data    RW Data    ZI Data      Debug   Library Member Name

        90          0          0          0          0          0   __dczerorl2.o
         8          0          0          0          0         68   __main.o
         0          0          0          0          0          0   __rtentry.o
        12          0          0          0          0          0   __rtentry2.o
         6          0          0          0          0          0   __rtentry4.o
        52          8          0          0          0          0   __scatter.o
        28          0          0          0          0          0   __scatter_zi.o
        22          0          0          0          0        100   _rserrno.o
        16          0          0          0          0         68   aeabi_memset.o
        10          0          0          0          0         68   defsig_exit.o
        50          0          0          0          0         88   defsig_general.o
        80         58          0          0          0         76   defsig_rtmem_inner.o
        14          0          0          0          0         80   defsig_rtmem_outer.o
        18          0          0          0          0         80   exit.o
        94          0          0          0          0         80   h1_alloc.o
        52          0          0          0          0         68   h1_extend.o
        78          0          0          0          0         80   h1_free.o
        14          0          0          0          0         84   h1_init.o
         6          0          0          0          0        152   heapauxi.o
         4          0          0          0          0        136   hguard.o
         0          0          0          0          0          0   indicate_semi.o
       138          0          0          0          0        168   init_alloc.o
         2          0          0          0          0          0   libinit.o
        14          0          0          0          0          0   libinit2.o
         2          0          0          0          0          0   libshutdown.o
         2          0          0          0          0          0   libshutdown2.o
         8          4          0          0         96         68   libspace.o
        72          0          0          0          0         76   llsdiv.o
       238          0          0          0          0        100   lludivv7m.o
         0          0          0          0          0          0   maybetermalloc1.o
        88          0          0          0          0         76   memcmp.o
         8          4          0          0          0         68   rt_errno_addr_intlibspace.o
         8          4          0          0          0         68   rt_heap_descriptor_intlibspace.o
        68          0          0          0          0         68   rt_memclr.o
        78          0          0          0          0         80   rt_memclr_w.o
       138          0          0          0          0         68   rt_memcpy_v6.o
       100          0          0          0          0         80   rt_memcpy_w.o
         2          0          0          0          0          0   rtexit.o
        10          0          0          0          0          0   rtexit2.o
        12          4          0          0          0         68   sys_exit.o
        74          0          0          0          0         80   sys_stackheap_outer.o
        14          0          0          0          0         76   sys_wrch.o
         2          0          0          0          0         68   use_no_semi.o
        24          0          0          0          0        164   basic.o
        98          4          0          0          0        140   d2f.o
       826         16          0          0          0        492   daddsub_clz.o
        24          0          0          0          0        116   dcmpi.o
       688        140          0          0          0        256   ddiv.o
       120          4          0          0          0        140   deqf.o
        38          0          0          0          0        116   dflt_clz.o
       138          0          0          0          0        132   dfltll_clz.o
       120          4          0          0          0        140   dleqf.o
       340         12          0          0          0        152   dmul.o
       156          4          0          0          0        140   dnaninf.o
        12          0          0          0          0        116   dretinf.o
       108          0          0          0          0        128   drleqf.o
       408         56          0          0          0        168   dsqrt_umaal.o
        86          4          0          0          0        132   f2d.o
       140          4          0          0          0        132   fnaninf.o
        10          0          0          0          0        116   fpinit.o
        10          0          0          0          0        116   fretinf.o
         0          0          0          0          0          0   usenofp.o
       864         94         80          0          0        280   asin.o
       744        106        152          0          0        352   atan.o
       512         64          0          0          0        208   atan2.o
       336         56          0          0          0        136   cosf.o
       104         16          0          0          0        496   dunder.o
        24          0          0          0          0        124   fabs.o
        48          0          0          0          0        124   fpclassify.o
        38          0          0          0          0        116   fpclassifyf.o
        38         12          0          0          0        348   funder.o
       248          0          0          0          0        152   poly.o
         0          0          8          0          0          0   qnan.o
       340         24         32          0          0        160   rredf.o
       400         56          0          0          0        212   sinf.o
       110          0          0          0          0        148   sqrt.o
       380         58          0          0          0        200   tanf.o

    ----------------------------------------------------------------------
      9290        816        272          0        100       8392   Library Totals
        26          0          0          0          4          0   (incl. Padding)

    ----------------------------------------------------------------------

      Code (inc. data)   RO Data    RW Data    ZI Data      Debug   Library Name

      1732         82          0          0         96       2440   c_w.l
      3346        248          0          0          0       2896   fz_wm.l
      4186        486        272          0          0       3056   m_wm.l

    ----------------------------------------------------------------------
      9290        816        272          0        100       8392   Library Totals

    ----------------------------------------------------------------------

==============================================================================


      Code (inc. data)   RO Data    RW Data    ZI Data      Debug   

     58600       3732       4192        528      33000    1186891   Grand Totals
     58600       3732       4192         84      33000    1186891   ELF Image Totals (compressed)
     58600       3732       4192         84          0          0   ROM Totals

==============================================================================

    Total RO  Size (Code + RO Data)                62792 (  61.32kB)
    Total RW  Size (RW Data + ZI Data)             33528 (  32.74kB)
    Total ROM Size (Code + RO Data + RW Data)      62876 (  61.40kB)

==============================================================================

